[    0.000000] Linux version 5.17.0-rc1-rcaraway (root@manjaro) (gcc (GCC) 11.2.0, GNU ld (GNU Binutils) 2.37) #1 SMP PREEMPT Fri Jan 28 15:24:08 MSK 2022
[    0.000000] Command line: BOOT_IMAGE=/vmlinuz-linus root=/dev/sda3 rw
[    0.000000] x86/fpu: Supporting XSAVE feature 0x001: 'x87 floating point registers'
[    0.000000] x86/fpu: Supporting XSAVE feature 0x002: 'SSE registers'
[    0.000000] x86/fpu: Supporting XSAVE feature 0x004: 'AVX registers'
[    0.000000] x86/fpu: xstate_offset[2]:  576, xstate_sizes[2]:  256
[    0.000000] x86/fpu: Enabled xstate features 0x7, context size is 832 bytes, using 'standard' format.
[    0.000000] signal: max sigframe size: 1776
[    0.000000] BIOS-provided physical RAM map:
[    0.000000] BIOS-e820: [mem 0x0000000000000000-0x000000000009fbff] usable
[    0.000000] BIOS-e820: [mem 0x000000000009fc00-0x000000000009ffff] reserved
[    0.000000] BIOS-e820: [mem 0x00000000000f0000-0x00000000000fffff] reserved
[    0.000000] BIOS-e820: [mem 0x0000000000100000-0x00000000dffeffff] usable
[    0.000000] BIOS-e820: [mem 0x00000000dfff0000-0x00000000dfffffff] ACPI data
[    0.000000] BIOS-e820: [mem 0x00000000fec00000-0x00000000fec00fff] reserved
[    0.000000] BIOS-e820: [mem 0x00000000fee00000-0x00000000fee00fff] reserved
[    0.000000] BIOS-e820: [mem 0x00000000fffc0000-0x00000000ffffffff] reserved
[    0.000000] BIOS-e820: [mem 0x0000000100000000-0x000000011fffffff] usable
[    0.000000] NX (Execute Disable) protection: active
[    0.000000] SMBIOS 2.5 present.
[    0.000000] DMI: innotek GmbH VirtualBox/VirtualBox, BIOS VirtualBox 12/01/2006
[    0.000000] tsc: Fast TSC calibration failed
[    0.000000] e820: update [mem 0x00000000-0x00000fff] usable ==> reserved
[    0.000000] e820: remove [mem 0x000a0000-0x000fffff] usable
[    0.000000] last_pfn = 0x120000 max_arch_pfn = 0x400000000
[    0.000000] Disabled
[    0.000000] x86/PAT: MTRRs disabled, skipping PAT initialization too.
[    0.000000] CPU MTRRs all blank - virtualized system.
[    0.000000] x86/PAT: Configuration [0-7]: WB  WT  UC- UC  WB  WT  UC- UC  
[    0.000000] last_pfn = 0xdfff0 max_arch_pfn = 0x400000000
[    0.000000] found SMP MP-table at [mem 0x0009fff0-0x0009ffff]
[    0.000000] ACPI: Early table checksum verification disabled
[    0.000000] ACPI: RSDP 0x00000000000E0000 000024 (v02 VBOX  )
[    0.000000] ACPI: XSDT 0x00000000DFFF0030 00003C (v01 VBOX   VBOXXSDT 00000001 ASL  00000061)
[    0.000000] ACPI: FACP 0x00000000DFFF00F0 0000F4 (v04 VBOX   VBOXFACP 00000001 ASL  00000061)
[    0.000000] ACPI: DSDT 0x00000000DFFF0480 002325 (v02 VBOX   VBOXBIOS 00000002 INTL 20120111)
[    0.000000] ACPI: FACS 0x00000000DFFF0200 000040
[    0.000000] ACPI: FACS 0x00000000DFFF0200 000040
[    0.000000] ACPI: APIC 0x00000000DFFF0240 00006C (v02 VBOX   VBOXAPIC 00000001 ASL  00000061)
[    0.000000] ACPI: SSDT 0x00000000DFFF02B0 0001CC (v01 VBOX   VBOXCPUT 00000002 INTL 20120111)
[    0.000000] ACPI: Reserving FACP table memory at [mem 0xdfff00f0-0xdfff01e3]
[    0.000000] ACPI: Reserving DSDT table memory at [mem 0xdfff0480-0xdfff27a4]
[    0.000000] ACPI: Reserving FACS table memory at [mem 0xdfff0200-0xdfff023f]
[    0.000000] ACPI: Reserving FACS table memory at [mem 0xdfff0200-0xdfff023f]
[    0.000000] ACPI: Reserving APIC table memory at [mem 0xdfff0240-0xdfff02ab]
[    0.000000] ACPI: Reserving SSDT table memory at [mem 0xdfff02b0-0xdfff047b]
[    0.000000] ACPI: CEDT not present
[    0.000000] No NUMA configuration found
[    0.000000] Faking a node at [mem 0x0000000000000000-0x000000011fffffff]
[    0.000000] NODE_DATA(0) allocated [mem 0x11fff8000-0x11fffbfff]
[    0.000000] Zone ranges:
[    0.000000]   DMA      [mem 0x0000000000001000-0x0000000000ffffff]
[    0.000000]   DMA32    [mem 0x0000000001000000-0x00000000ffffffff]
[    0.000000]   Normal   [mem 0x0000000100000000-0x000000011fffffff]
[    0.000000] Movable zone start for each node
[    0.000000] Early memory node ranges
[    0.000000]   node   0: [mem 0x0000000000001000-0x000000000009efff]
[    0.000000]   node   0: [mem 0x0000000000100000-0x00000000dffeffff]
[    0.000000]   node   0: [mem 0x0000000100000000-0x000000011fffffff]
[    0.000000] Initmem setup node 0 [mem 0x0000000000001000-0x000000011fffffff]
[    0.000000] On node 0, zone DMA: 1 pages in unavailable ranges
[    0.000000] On node 0, zone DMA: 97 pages in unavailable ranges
[    0.000000] On node 0, zone Normal: 16 pages in unavailable ranges
[    0.000000] ACPI: PM-Timer IO Port: 0x4008
[    0.000000] IOAPIC[0]: apic_id 4, version 32, address 0xfec00000, GSI 0-23
[    0.000000] ACPI: INT_SRC_OVR (bus 0 bus_irq 0 global_irq 2 dfl dfl)
[    0.000000] ACPI: INT_SRC_OVR (bus 0 bus_irq 9 global_irq 9 low level)
[    0.000000] ACPI: Using ACPI (MADT) for SMP configuration information
[    0.000000] smpboot: Allowing 4 CPUs, 0 hotplug CPUs
[    0.000000] PM: hibernation: Registered nosave memory: [mem 0x00000000-0x00000fff]
[    0.000000] PM: hibernation: Registered nosave memory: [mem 0x0009f000-0x0009ffff]
[    0.000000] PM: hibernation: Registered nosave memory: [mem 0x000a0000-0x000effff]
[    0.000000] PM: hibernation: Registered nosave memory: [mem 0x000f0000-0x000fffff]
[    0.000000] PM: hibernation: Registered nosave memory: [mem 0xdfff0000-0xdfffffff]
[    0.000000] PM: hibernation: Registered nosave memory: [mem 0xe0000000-0xfebfffff]
[    0.000000] PM: hibernation: Registered nosave memory: [mem 0xfec00000-0xfec00fff]
[    0.000000] PM: hibernation: Registered nosave memory: [mem 0xfec01000-0xfedfffff]
[    0.000000] PM: hibernation: Registered nosave memory: [mem 0xfee00000-0xfee00fff]
[    0.000000] PM: hibernation: Registered nosave memory: [mem 0xfee01000-0xfffbffff]
[    0.000000] PM: hibernation: Registered nosave memory: [mem 0xfffc0000-0xffffffff]
[    0.000000] [mem 0xe0000000-0xfebfffff] available for PCI devices
[    0.000000] clocksource: refined-jiffies: mask: 0xffffffff max_cycles: 0xffffffff, max_idle_ns: 1910969940391419 ns
[    0.000000] setup_percpu: NR_CPUS:64 nr_cpumask_bits:64 nr_cpu_ids:4 nr_node_ids:1
[    0.000000] percpu: Embedded 52 pages/cpu s174872 r8192 d29928 u524288
[    0.000000] pcpu-alloc: s174872 r8192 d29928 u524288 alloc=1*2097152
[    0.000000] pcpu-alloc: [0] 0 1 2 3 
[    0.000000] Fallback order for Node 0: 0 
[    0.000000] Built 1 zonelists, mobility grouping on.  Total pages: 1031920
[    0.000000] Policy zone: Normal
[    0.000000] Kernel command line: BOOT_IMAGE=/vmlinuz-linus root=/dev/sda3 rw
[    0.000000] Unknown kernel command line parameters "BOOT_IMAGE=/vmlinuz-linus", will be passed to user space.
[    0.000000] Dentry cache hash table entries: 524288 (order: 10, 4194304 bytes, linear)
[    0.000000] Inode-cache hash table entries: 262144 (order: 9, 2097152 bytes, linear)
[    0.000000] mem auto-init: stack:off, heap alloc:off, heap free:off
[    0.000000] Memory: 4019176K/4193848K available (16396K kernel code, 2623K rwdata, 4928K rodata, 1252K init, 1416K bss, 174412K reserved, 0K cma-reserved)
[    0.000000] SLUB: HWalign=64, Order=0-3, MinObjects=0, CPUs=4, Nodes=1
[    0.000000] Kernel/User page tables isolation: enabled
[    0.000000] Dynamic Preempt: voluntary
[    0.000000] rcu: Preemptible hierarchical RCU implementation.
[    0.000000] rcu: 	RCU event tracing is enabled.
[    0.000000] rcu: 	RCU restricting CPUs from NR_CPUS=64 to nr_cpu_ids=4.
[    0.000000] 	Trampoline variant of Tasks RCU enabled.
[    0.000000] rcu: RCU calculated value of scheduler-enlistment delay is 100 jiffies.
[    0.000000] rcu: Adjusting geometry for rcu_fanout_leaf=16, nr_cpu_ids=4
[    0.000000] NR_IRQS: 4352, nr_irqs: 456, preallocated irqs: 16
[    0.000000] random: get_random_bytes called from start_kernel+0x492/0x65f with crng_init=0
[    0.000000] Console: colour VGA+ 80x25
[    0.000000] printk: console [tty0] enabled
[    0.000000] ACPI: Core revision 20211217
[    0.000000] APIC: Switch to symmetric I/O mode setup
[    0.000000] ..TIMER: vector=0x30 apic1=0 pin1=2 apic2=-1 pin2=-1
[    0.008000] tsc: Unable to calibrate against PIT
[    0.008000] tsc: using PMTIMER reference calibration
[    0.008000] tsc: Detected 3407.919 MHz processor
[    0.000006] clocksource: tsc-early: mask: 0xffffffffffffffff max_cycles: 0x311f87cd535, max_idle_ns: 440795381582 ns
[    0.000195] Calibrating delay loop (skipped), value calculated using timer frequency.. 6815.83 BogoMIPS (lpj=3407919)
[    0.000631] pid_max: default: 32768 minimum: 301
[    0.000822] LSM: Security Framework initializing
[    0.001058] SELinux:  Initializing.
[    0.001215] Mount-cache hash table entries: 8192 (order: 4, 65536 bytes, linear)
[    0.001785] Mountpoint-cache hash table entries: 8192 (order: 4, 65536 bytes, linear)
[    0.002312] Last level iTLB entries: 4KB 128, 2MB 8, 4MB 8
[    0.002505] Last level dTLB entries: 4KB 64, 2MB 0, 4MB 0, 1GB 4
[    0.002875] Spectre V1 : Mitigation: usercopy/swapgs barriers and __user pointer sanitization
[    0.003197] Spectre V2 : Mitigation: Full generic retpoline
[    0.003392] Spectre V2 : Spectre v2 / SpectreRSB mitigation: Filling RSB on context switch
[    0.003683] Speculative Store Bypass: Vulnerable
[    0.003857] SRBDS: Unknown: Dependent on hypervisor status
[    0.004047] MDS: Mitigation: Clear CPU buffers
[    0.005356] Freeing SMP alternatives memory: 44K
[    0.107775] smpboot: CPU0: Intel(R) Core(TM) i5-7500 CPU @ 3.40GHz (family: 0x6, model: 0x9e, stepping: 0x9)
[    0.108195] cblist_init_generic: Setting adjustable number of callback queues.
[    0.108195] cblist_init_generic: Setting shift to 2 and lim to 1.
[    0.108226] Performance Events: unsupported p6 CPU model 158 no PMU driver, software events only.
[    0.109252] rcu: Hierarchical SRCU implementation.
[    0.109690] smp: Bringing up secondary CPUs ...
[    0.111207] x86: Booting SMP configuration:
[    0.111375] .... node  #0, CPUs:      #1 #2 #3
[    0.117469] smp: Brought up 1 node, 4 CPUs
[    0.117766] smpboot: Max logical packages: 1
[    0.117959] smpboot: Total of 4 processors activated (27263.35 BogoMIPS)
[    0.118447] devtmpfs: initialized
[    0.119313] clocksource: jiffies: mask: 0xffffffff max_cycles: 0xffffffff, max_idle_ns: 1911260446275000 ns
[    0.119623] futex hash table entries: 1024 (order: 4, 65536 bytes, linear)
[    0.120278] PM: RTC time: 12:44:15, date: 2022-01-28
[    0.120767] NET: Registered PF_NETLINK/PF_ROUTE protocol family
[    0.121230] audit: initializing netlink subsys (disabled)
[    0.121471] audit: type=2000 audit(1643373855.130:1): state=initialized audit_enabled=0 res=1
[    0.121471] thermal_sys: Registered thermal governor 'step_wise'
[    0.121622] thermal_sys: Registered thermal governor 'user_space'
[    0.122260] cpuidle: using governor menu
[    0.122688] PCI: Using configuration type 1 for base access
[    0.124752] kprobes: kprobe jump-optimization is enabled. All kprobes are optimized if possible.
[    0.125325] HugeTLB registered 2.00 MiB page size, pre-allocated 0 pages
[    0.126305] ACPI: Added _OSI(Module Device)
[    0.127202] ACPI: Added _OSI(Processor Device)
[    0.127398] ACPI: Added _OSI(3.0 _SCP Extensions)
[    0.127566] ACPI: Added _OSI(Processor Aggregator Device)
[    0.127755] ACPI: Added _OSI(Linux-Dell-Video)
[    0.127902] ACPI: Added _OSI(Linux-Lenovo-NV-HDMI-Audio)
[    0.128215] ACPI: Added _OSI(Linux-HPI-Hybrid-Graphics)
[    0.129628] ACPI: 2 ACPI AML tables successfully acquired and loaded
[    0.132309] ACPI: Interpreter enabled
[    0.132519] ACPI: PM: (supports S0 S5)
[    0.132673] ACPI: Using IOAPIC for interrupt routing
[    0.132996] PCI: Using host bridge windows from ACPI; if necessary, use "pci=nocrs" and report a bug
[    0.133302] ACPI: Enabled 2 GPEs in block 00 to 07
[    0.138243] ACPI: PCI Root Bridge [PCI0] (domain 0000 [bus 00-ff])
[    0.138465] acpi PNP0A03:00: _OSC: OS supports [ASPM ClockPM Segments MSI HPX-Type3]
[    0.138752] acpi PNP0A03:00: _OSC: not requesting OS control; OS requires [ExtendedConfig ASPM ClockPM MSI]
[    0.139475] acpi PNP0A03:00: fail to add MMCONFIG information, can't access extended PCI configuration space under this bridge.
[    0.140211] PCI host bridge to bus 0000:00
[    0.140377] pci_bus 0000:00: root bus resource [io  0x0000-0x0cf7 window]
[    0.140561] pci_bus 0000:00: root bus resource [io  0x0d00-0xffff window]
[    0.140778] pci_bus 0000:00: root bus resource [mem 0x000a0000-0x000bffff window]
[    0.141200] pci_bus 0000:00: root bus resource [mem 0xe0000000-0xfdffffff window]
[    0.141780] pci_bus 0000:00: root bus resource [bus 00-ff]
[    0.142528] pci 0000:00:00.0: [8086:1237] type 00 class 0x060000
[    0.144248] pci 0000:00:01.0: [8086:7000] type 00 class 0x060100
[    0.146781] pci 0000:00:01.1: [8086:7111] type 00 class 0x01018a
[    0.147702] pci 0000:00:01.1: reg 0x20: [io  0xd000-0xd00f]
[    0.148084] pci 0000:00:01.1: legacy IDE quirk: reg 0x10: [io  0x01f0-0x01f7]
[    0.148200] pci 0000:00:01.1: legacy IDE quirk: reg 0x14: [io  0x03f6]
[    0.148385] pci 0000:00:01.1: legacy IDE quirk: reg 0x18: [io  0x0170-0x0177]
[    0.148589] pci 0000:00:01.1: legacy IDE quirk: reg 0x1c: [io  0x0376]
[    0.149400] pci 0000:00:02.0: [15ad:0405] type 00 class 0x030000
[    0.151215] pci 0000:00:02.0: reg 0x10: [io  0xd010-0xd01f]
[    0.152455] pci 0000:00:02.0: reg 0x14: [mem 0xe0000000-0xe0ffffff pref]
[    0.154215] pci 0000:00:02.0: reg 0x18: [mem 0xf0000000-0xf01fffff]
[    0.163956] pci 0000:00:03.0: [8086:100e] type 00 class 0x020000
[    0.165316] pci 0000:00:03.0: reg 0x10: [mem 0xf0200000-0xf021ffff]
[    0.168313] pci 0000:00:03.0: reg 0x18: [io  0xd020-0xd027]
[    0.175261] pci 0000:00:04.0: [80ee:cafe] type 00 class 0x088000
[    0.177338] pci 0000:00:04.0: reg 0x10: [io  0xd040-0xd05f]
[    0.179330] pci 0000:00:04.0: reg 0x14: [mem 0xf0400000-0xf07fffff]
[    0.181305] pci 0000:00:04.0: reg 0x18: [mem 0xf0800000-0xf0803fff pref]
[    0.187708] pci 0000:00:05.0: [8086:2415] type 00 class 0x040100
[    0.188379] pci 0000:00:05.0: reg 0x10: [io  0xd100-0xd1ff]
[    0.188683] pci 0000:00:05.0: reg 0x14: [io  0xd200-0xd23f]
[    0.190379] pci 0000:00:06.0: [106b:003f] type 00 class 0x0c0310
[    0.191322] pci 0000:00:06.0: reg 0x10: [mem 0xf0804000-0xf0804fff]
[    0.201345] pci 0000:00:07.0: [8086:7113] type 00 class 0x068000
[    0.202573] pci 0000:00:07.0: quirk: [io  0x4000-0x403f] claimed by PIIX4 ACPI
[    0.202843] pci 0000:00:07.0: quirk: [io  0x4100-0x410f] claimed by PIIX4 SMB
[    0.204929] ACPI: PCI: Interrupt link LNKA configured for IRQ 11
[    0.205390] ACPI: PCI: Interrupt link LNKB configured for IRQ 10
[    0.205674] ACPI: PCI: Interrupt link LNKC configured for IRQ 9
[    0.206005] ACPI: PCI: Interrupt link LNKD configured for IRQ 11
[    0.206376] iommu: Default domain type: Translated 
[    0.206595] iommu: DMA domain TLB invalidation policy: lazy mode 
[    0.206843] pci 0000:00:02.0: vgaarb: setting as boot VGA device
[    0.206843] pci 0000:00:02.0: vgaarb: VGA device added: decodes=io+mem,owns=io+mem,locks=none
[    0.207204] pci 0000:00:02.0: vgaarb: bridge control possible
[    0.207381] vgaarb: loaded
[    0.208246] SCSI subsystem initialized
[    0.208591] libata version 3.00 loaded.
[    0.208591] ACPI: bus type USB registered
[    0.209222] usbcore: registered new interface driver usbfs
[    0.209428] usbcore: registered new interface driver hub
[    0.209443] usbcore: registered new device driver usb
[    0.210207] pps_core: LinuxPPS API ver. 1 registered
[    0.210396] pps_core: Software ver. 5.3.6 - Copyright 2005-2007 Rodolfo Giometti <giometti@linux.it>
[    0.210810] PTP clock support registered
[    0.213222] Advanced Linux Sound Architecture Driver Initialized.
[    0.213620] NetLabel: Initializing
[    0.213770] NetLabel:  domain hash size = 128
[    0.213931] NetLabel:  protocols = UNLABELED CIPSOv4 CALIPSO
[    0.214197] NetLabel:  unlabeled traffic allowed by default
[    0.214438] PCI: Using ACPI for IRQ routing
[    0.214438] PCI: pci_cache_line_size set to 64 bytes
[    0.215199] e820: reserve RAM buffer [mem 0x0009fc00-0x0009ffff]
[    0.215206] e820: reserve RAM buffer [mem 0xdfff0000-0xdfffffff]
[    0.218870] clocksource: Switched to clocksource tsc-early
[    0.354855] VFS: Disk quotas dquot_6.6.0
[    0.355285] VFS: Dquot-cache hash table entries: 512 (order 0, 4096 bytes)
[    0.355627] pnp: PnP ACPI init
[    0.356739] pnp: PnP ACPI: found 2 devices
[    0.369656] clocksource: acpi_pm: mask: 0xffffff max_cycles: 0xffffff, max_idle_ns: 2085701024 ns
[    0.370090] NET: Registered PF_INET protocol family
[    0.370281] IP idents hash table entries: 65536 (order: 7, 524288 bytes, linear)
[    0.370986] tcp_listen_portaddr_hash hash table entries: 2048 (order: 3, 32768 bytes, linear)
[    0.371253] TCP established hash table entries: 32768 (order: 6, 262144 bytes, linear)
[    0.371662] TCP bind hash table entries: 32768 (order: 7, 524288 bytes, linear)
[    0.378005] TCP: Hash tables configured (established 32768 bind 32768)
[    0.378300] UDP hash table entries: 2048 (order: 4, 65536 bytes, linear)
[    0.378498] UDP-Lite hash table entries: 2048 (order: 4, 65536 bytes, linear)
[    0.378854] NET: Registered PF_UNIX/PF_LOCAL protocol family
[    0.379326] RPC: Registered named UNIX socket transport module.
[    0.379611] RPC: Registered udp transport module.
[    0.379792] RPC: Registered tcp transport module.
[    0.379947] RPC: Registered tcp NFSv4.1 backchannel transport module.
[    0.380454] pci_bus 0000:00: resource 4 [io  0x0000-0x0cf7 window]
[    0.380779] pci_bus 0000:00: resource 5 [io  0x0d00-0xffff window]
[    0.380987] pci_bus 0000:00: resource 6 [mem 0x000a0000-0x000bffff window]
[    0.381215] pci_bus 0000:00: resource 7 [mem 0xe0000000-0xfdffffff window]
[    0.381427] pci 0000:00:00.0: Limiting direct PCI/PCI transfers
[    0.381804] pci 0000:00:01.0: Activating ISA DMA hang workarounds
[    0.382071] pci 0000:00:02.0: Video device with shadowed ROM at [mem 0x000c0000-0x000dffff]
[    0.383682] PCI: CLS 0 bytes, default 64
[    0.383860] PCI-DMA: Using software bounce buffering for IO (SWIOTLB)
[    0.384102] software IO TLB: mapped [mem 0x00000000dbff0000-0x00000000dfff0000] (64MB)
[    0.384822] RAPL PMU: API unit is 2^-32 Joules, 0 fixed counters, 10737418240 ms ovfl timer
[    0.385171] platform rtc_cmos: registered platform RTC device (no PNP device found)
[    0.387094] Initialise system trusted keyrings
[    0.387390] workingset: timestamp_bits=56 max_order=20 bucket_order=0
[    0.390957] NFS: Registering the id_resolver key type
[    0.391176] Key type id_resolver registered
[    0.391304] Key type id_legacy registered
[    0.404867] Key type asymmetric registered
[    0.404991] Asymmetric key parser 'x509' registered
[    0.405262] Block layer SCSI generic (bsg) driver version 0.4 loaded (major 251)
[    0.405706] io scheduler mq-deadline registered
[    0.405898] io scheduler kyber registered
[    0.406708] ACPI: AC: AC Adapter [AC] (on-line)
[    0.407006] input: Power Button as /devices/LNXSYSTM:00/LNXPWRBN:00/input/input0
[    0.407665] ACPI: button: Power Button [PWRF]
[    0.408040] input: Sleep Button as /devices/LNXSYSTM:00/LNXSLPBN:00/input/input1
[    0.408283] ACPI: button: Sleep Button [SLPF]
[    0.408729] ACPI: video: Video Device [GFX0] (multi-head: yes  rom: no  post: no)
[    0.409022] input: Video Bus as /devices/LNXSYSTM:00/LNXSYBUS:00/PNP0A03:00/LNXVIDEO:00/input/input2
[    0.409910] Serial: 8250/16550 driver, 4 ports, IRQ sharing enabled
[    0.411157] Non-volatile memory driver v1.3
[    0.411379] Linux agpgart interface v0.103
[    0.411697] ACPI: bus type drm_connector registered
[    0.414794] loop: module loaded
[    0.414943] ata_piix 0000:00:01.1: version 2.13
[    0.415747] scsi host0: ata_piix
[    0.416343] scsi host1: ata_piix
[    0.416582] ata1: PATA max UDMA/33 cmd 0x1f0 ctl 0x3f6 bmdma 0xd000 irq 14
[    0.416839] ata2: PATA max UDMA/33 cmd 0x170 ctl 0x376 bmdma 0xd008 irq 15
[    0.417204] e100: Intel(R) PRO/100 Network Driver
[    0.418614] e100: Copyright(c) 1999-2006 Intel Corporation
[    0.418842] e1000: Intel(R) PRO/1000 Network Driver
[    0.419075] e1000: Copyright (c) 1999-2006 Intel Corporation.
[    0.582754] ata1.00: ATA-6: VBOX HARDDISK, 1.0, max UDMA/133
[    0.583008] ata1.00: 62914560 sectors, multi 128: LBA 
[    0.599094] ata1.00: Read log 0x00 page 0x00 failed, Emask 0x1
[    0.600104] scsi 0:0:0:0: Direct-Access     ATA      VBOX HARDDISK    1.0  PQ: 0 ANSI: 5
[    0.606645] scsi 0:0:0:0: Attached scsi generic sg0 type 0
[    0.606846] sd 0:0:0:0: [sda] 62914560 512-byte logical blocks: (32.2 GB/30.0 GiB)
[    0.607356] sd 0:0:0:0: [sda] Write Protect is off
[    0.607735] sd 0:0:0:0: [sda] Mode Sense: 00 3a 00 00
[    0.607769] sd 0:0:0:0: [sda] Write cache: enabled, read cache: enabled, doesn't support DPO or FUA
[    0.668110]  sda: sda1 sda2 sda3 sda4
[    0.669421] sd 0:0:0:0: [sda] Attached SCSI disk
[    0.885636] e1000 0000:00:03.0 eth0: (PCI:33MHz:32-bit) 08:00:27:cc:a5:b9
[    0.885901] e1000 0000:00:03.0 eth0: Intel(R) PRO/1000 Network Connection
[    0.886144] e1000e: Intel(R) PRO/1000 Network Driver
[    0.886262] e1000e: Copyright(c) 1999 - 2015 Intel Corporation.
[    0.886475] sky2: driver version 1.30
[    0.886809] ehci_hcd: USB 2.0 'Enhanced' Host Controller (EHCI) Driver
[    0.887035] ehci-pci: EHCI PCI platform driver
[    0.887216] ohci_hcd: USB 1.1 'Open' Host Controller (OHCI) Driver
[    0.887363] ohci-pci: OHCI PCI platform driver
[    0.888659] ohci-pci 0000:00:06.0: OHCI PCI host controller
[    0.889010] ohci-pci 0000:00:06.0: new USB bus registered, assigned bus number 1
[    0.889309] ohci-pci 0000:00:06.0: irq 22, io mem 0xf0804000
[    0.945018] usb usb1: New USB device found, idVendor=1d6b, idProduct=0001, bcdDevice= 5.17
[    0.945274] usb usb1: New USB device strings: Mfr=3, Product=2, SerialNumber=1
[    0.945502] usb usb1: Product: OHCI PCI host controller
[    0.945825] usb usb1: Manufacturer: Linux 5.17.0-rc1-rcaraway ohci_hcd
[    0.946029] usb usb1: SerialNumber: 0000:00:06.0
[    0.946498] hub 1-0:1.0: USB hub found
[    0.946716] hub 1-0:1.0: 12 ports detected
[    0.947478] uhci_hcd: USB Universal Host Controller Interface driver
[    0.947722] usbcore: registered new interface driver usblp
[    0.947899] usbcore: registered new interface driver usb-storage
[    0.948123] i8042: PNP: PS/2 Controller [PNP0303:PS2K,PNP0f03:PS2M] at 0x60,0x64 irq 1,12
[    0.948978] serio: i8042 KBD port at 0x60,0x64 irq 1
[    0.949250] serio: i8042 AUX port at 0x60,0x64 irq 12
[    0.950198] input: AT Translated Set 2 keyboard as /devices/platform/i8042/serio0/input/input3
[    0.954902] rtc_cmos rtc_cmos: registered as rtc0
[    0.955130] rtc_cmos rtc_cmos: alarms up to one day, 114 bytes nvram
[    0.955757] device-mapper: ioctl: 4.45.0-ioctl (2021-03-22) initialised: dm-devel@redhat.com
[    0.956082] intel_pstate: CPU model not supported
[    0.956343] hid: raw HID events driver (C) Jiri Kosina
[    0.956993] usbcore: registered new interface driver usbhid
[    0.957267] usbhid: USB HID core driver
[    0.958124] Initializing XFRM netlink socket
[    0.958600] NET: Registered PF_INET6 protocol family
[    0.960750] Segment Routing with IPv6
[    0.960937] In-situ OAM (IOAM) with IPv6
[    0.961264] sit: IPv6, IPv4 and MPLS over IPv4 tunneling driver
[    0.961710] NET: Registered PF_PACKET protocol family
[    0.962007] Key type dns_resolver registered
[    0.963076] IPI shorthand broadcast: enabled
[    0.963301] sched_clock: Marking stable (972076243, -8804635)->(1101470364, -138198756)
[    0.963869] registered taskstats version 1
[    0.964064] Loading compiled-in X.509 certificates
[    0.965357] cryptomgr_test (62) used greatest stack depth: 15728 bytes left
[    0.965854] cryptomgr_test (63) used greatest stack depth: 15232 bytes left
[    0.975031] PM:   Magic number: 6:31:735
[    0.975251] printk: console [netcon0] enabled
[    0.975430] netconsole: network logging started
[    0.975951] cfg80211: Loading compiled-in X.509 certificates for regulatory database
[    0.976418] kworker/u8:2 (84) used greatest stack depth: 14744 bytes left
[    0.977434] cryptomgr_probe (86) used greatest stack depth: 14560 bytes left
[    0.977806] cfg80211: Loaded X.509 cert 'sforshee: 00b28ddf47aef9cea7'
[    0.977930] ALSA device list:
[    0.978087]   No soundcards found.
[    0.978287] platform regulatory.0: Direct firmware load for regulatory.db failed with error -2
[    0.978503] cfg80211: failed to load regulatory.db
[    1.198196] input: ImExPS/2 Generic Explorer Mouse as /devices/platform/i8042/serio1/input/input5
[    1.199254] md: Waiting for all devices to be available before autodetect
[    1.199496] md: If you don't use raid, use raid=noautodetect
[    1.199694] md: Autodetecting RAID arrays.
[    1.199856] md: autorun ...
[    1.199991] md: ... autorun DONE.
[    1.259184] EXT4-fs (sda3): mounted filesystem with ordered data mode. Quota mode: none.
[    1.259694] VFS: Mounted root (ext4 filesystem) on device 8:3.
[    1.311461] devtmpfs: mounted
[    1.311992] Freeing unused kernel image (initmem) memory: 1252K
[    1.312316] Write protecting the kernel read-only data: 24576k
[    1.313480] Freeing unused kernel image (text/rodata gap) memory: 2032K
[    1.314173] Freeing unused kernel image (rodata/data gap) memory: 1216K
[    1.314340] Run /sbin/init as init process
[    1.314506]   with arguments:
[    1.314507]     /sbin/init
[    1.314509]   with environment:
[    1.314510]     HOME=/
[    1.314511]     TERM=linux
[    1.314513]     BOOT_IMAGE=/vmlinuz-linus
[    1.354318] usb 1-1: new full-speed USB device number 2 using ohci-pci
[    1.431617] tsc: Refined TSC clocksource calibration: 3408.000 MHz
[    1.431878] clocksource: tsc: mask: 0xffffffffffffffff max_cycles: 0x311fd3cd494, max_idle_ns: 440795223879 ns
[    1.436580] clocksource: Switched to clocksource tsc
[    1.482726] random: fast init done
[    1.619136] usb 1-1: New USB device found, idVendor=80ee, idProduct=0021, bcdDevice= 1.00
[    1.619197] usb 1-1: New USB device strings: Mfr=1, Product=3, SerialNumber=0
[    1.619589] usb 1-1: Product: USB Tablet
[    1.619789] usb 1-1: Manufacturer: VirtualBox
[    1.631363] input: VirtualBox USB Tablet as /devices/pci0000:00/0000:00:06.0/usb1/1-1/1-1:1.0/0003:80EE:0021.0001/input/input6
[    1.632507] hid-generic 0003:80EE:0021.0001: input,hidraw0: USB HID v1.10 Mouse [VirtualBox USB Tablet] on usb-0000:00:06.0-1/input0
[    1.782582] stty (95) used greatest stack depth: 13664 bytes left
[    2.023159] mount (102) used greatest stack depth: 13640 bytes left
[    2.034223] random: crng init done
[    2.196551] mountpoint (120) used greatest stack depth: 13520 bytes left
[    2.352174] ip (147) used greatest stack depth: 12336 bytes left
[    3.318691] e1000 0000:00:03.0 enp0s3: renamed from eth0
[    4.387456] Adding 2097148k swap on /dev/sda2.  Priority:1 extents:1 across:2097148k 
[    4.448872] EXT4-fs (sda3): re-mounted. Quota mode: none.
[    4.907493] EXT4-fs (sda3): re-mounted. Quota mode: none.
[    6.760398] hrtimer: interrupt took 5334522 ns
