Jan 25 16:26:41 rcaraway kernel: klogd 1.5.1, log source = /proc/kmsg started.
Jan 25 16:26:41 rcaraway kernel: Cannot find map file.
Jan 25 16:26:41 rcaraway kernel: Loaded 55684 symbols from 1 module.
Jan 25 16:26:41 rcaraway kernel: [    0.000000] Linux version 5.13.12-rcaraway (root@manjaro) (gcc (GCC) 11.2.0, GNU ld (GNU Binutils) 2.37) #1 SMP Tue Jan 25 14:58:18 MSK 2022
Jan 25 16:26:41 rcaraway kernel: [    0.000000] Command line: BOOT_IMAGE=(hd0,1)/vmlinuz-5.13.12-rcaraway.0 root=/dev/sda3 ro
Jan 25 16:26:41 rcaraway kernel: [    0.000000] x86/fpu: Supporting XSAVE feature 0x001: 'x87 floating point registers'
Jan 25 16:26:41 rcaraway kernel: [    0.000000] x86/fpu: Supporting XSAVE feature 0x002: 'SSE registers'
Jan 25 16:26:41 rcaraway kernel: [    0.000000] x86/fpu: Supporting XSAVE feature 0x004: 'AVX registers'
Jan 25 16:26:41 rcaraway kernel: [    0.000000] x86/fpu: xstate_offset[2]:  576, xstate_sizes[2]:  256
Jan 25 16:26:41 rcaraway kernel: [    0.000000] x86/fpu: Enabled xstate features 0x7, context size is 832 bytes, using 'standard' format.
Jan 25 16:26:41 rcaraway kernel: [    0.000000] BIOS-provided physical RAM map:
Jan 25 16:26:41 rcaraway kernel: [    0.000000] BIOS-e820: [mem 0x0000000000000000-0x000000000009fbff] usable
Jan 25 16:26:41 rcaraway kernel: [    0.000000] BIOS-e820: [mem 0x000000000009fc00-0x000000000009ffff] reserved
Jan 25 16:26:41 rcaraway kernel: [    0.000000] BIOS-e820: [mem 0x00000000000f0000-0x00000000000fffff] reserved
Jan 25 16:26:41 rcaraway kernel: [    0.000000] BIOS-e820: [mem 0x0000000000100000-0x00000000dffeffff] usable
Jan 25 16:26:41 rcaraway kernel: [    0.000000] BIOS-e820: [mem 0x00000000dfff0000-0x00000000dfffffff] ACPI data
Jan 25 16:26:41 rcaraway kernel: [    0.000000] BIOS-e820: [mem 0x00000000fec00000-0x00000000fec00fff] reserved
Jan 25 16:26:41 rcaraway kernel: [    0.000000] BIOS-e820: [mem 0x00000000fee00000-0x00000000fee00fff] reserved
Jan 25 16:26:41 rcaraway kernel: [    0.000000] BIOS-e820: [mem 0x00000000fffc0000-0x00000000ffffffff] reserved
Jan 25 16:26:41 rcaraway kernel: [    0.000000] BIOS-e820: [mem 0x0000000100000000-0x000000011fffffff] usable
Jan 25 16:26:41 rcaraway kernel: [    0.000000] NX (Execute Disable) protection: active
Jan 25 16:26:41 rcaraway kernel: [    0.000000] SMBIOS 2.5 present.
Jan 25 16:26:41 rcaraway kernel: [    0.000000] DMI: innotek GmbH VirtualBox/VirtualBox, BIOS VirtualBox 12/01/2006
Jan 25 16:26:41 rcaraway kernel: [    0.000000] tsc: Fast TSC calibration failed
Jan 25 16:26:41 rcaraway kernel: [    0.000000] e820: update [mem 0x00000000-0x00000fff] usable ==> reserved
Jan 25 16:26:41 rcaraway kernel: [    0.000000] e820: remove [mem 0x000a0000-0x000fffff] usable
Jan 25 16:26:41 rcaraway kernel: [    0.000000] last_pfn = 0x120000 max_arch_pfn = 0x400000000
Jan 25 16:26:41 rcaraway kernel: [    0.000000] Disabled
Jan 25 16:26:41 rcaraway kernel: [    0.000000] x86/PAT: MTRRs disabled, skipping PAT initialization too.
Jan 25 16:26:41 rcaraway kernel: [    0.000000] CPU MTRRs all blank - virtualized system.
Jan 25 16:26:41 rcaraway kernel: [    0.000000] x86/PAT: Configuration [0-7]: WB  WT  UC- UC  WB  WT  UC- UC  
Jan 25 16:26:41 rcaraway kernel: [    0.000000] last_pfn = 0xdfff0 max_arch_pfn = 0x400000000
Jan 25 16:26:41 rcaraway kernel: [    0.000000] found SMP MP-table at [mem 0x0009fff0-0x0009ffff]
Jan 25 16:26:41 rcaraway kernel: [    0.000000] ACPI: Early table checksum verification disabled
Jan 25 16:26:41 rcaraway kernel: [    0.000000] ACPI: RSDP 0x00000000000E0000 000024 (v02 VBOX  )
Jan 25 16:26:41 rcaraway kernel: [    0.000000] ACPI: XSDT 0x00000000DFFF0030 00003C (v01 VBOX   VBOXXSDT 00000001 ASL  00000061)
Jan 25 16:26:41 rcaraway kernel: [    0.000000] ACPI: FACP 0x00000000DFFF00F0 0000F4 (v04 VBOX   VBOXFACP 00000001 ASL  00000061)
Jan 25 16:26:41 rcaraway kernel: [    0.000000] ACPI: DSDT 0x00000000DFFF0480 002325 (v02 VBOX   VBOXBIOS 00000002 INTL 20120111)
Jan 25 16:26:41 rcaraway kernel: [    0.000000] ACPI: FACS 0x00000000DFFF0200 000040
Jan 25 16:26:41 rcaraway kernel: [    0.000000] ACPI: FACS 0x00000000DFFF0200 000040
Jan 25 16:26:41 rcaraway kernel: [    0.000000] ACPI: APIC 0x00000000DFFF0240 00006C (v02 VBOX   VBOXAPIC 00000001 ASL  00000061)
Jan 25 16:26:41 rcaraway kernel: [    0.000000] ACPI: SSDT 0x00000000DFFF02B0 0001CC (v01 VBOX   VBOXCPUT 00000002 INTL 20120111)
Jan 25 16:26:41 rcaraway kernel: [    0.000000] ACPI: Reserving FACP table memory at [mem 0xdfff00f0-0xdfff01e3]
Jan 25 16:26:41 rcaraway kernel: [    0.000000] ACPI: Reserving DSDT table memory at [mem 0xdfff0480-0xdfff27a4]
Jan 25 16:26:41 rcaraway kernel: [    0.000000] ACPI: Reserving FACS table memory at [mem 0xdfff0200-0xdfff023f]
Jan 25 16:26:41 rcaraway kernel: [    0.000000] ACPI: Reserving FACS table memory at [mem 0xdfff0200-0xdfff023f]
Jan 25 16:26:41 rcaraway kernel: [    0.000000] ACPI: Reserving APIC table memory at [mem 0xdfff0240-0xdfff02ab]
Jan 25 16:26:41 rcaraway kernel: [    0.000000] ACPI: Reserving SSDT table memory at [mem 0xdfff02b0-0xdfff047b]
Jan 25 16:26:41 rcaraway kernel: [    0.000000] ACPI: Local APIC address 0xfee00000
Jan 25 16:26:41 rcaraway kernel: [    0.000000] No NUMA configuration found
Jan 25 16:26:41 rcaraway kernel: [    0.000000] Faking a node at [mem 0x0000000000000000-0x000000011fffffff]
Jan 25 16:26:41 rcaraway kernel: [    0.000000] NODE_DATA(0) allocated [mem 0x11fff8000-0x11fffbfff]
Jan 25 16:26:41 rcaraway kernel: [    0.000000] Zone ranges:
Jan 25 16:26:41 rcaraway kernel: [    0.000000]   DMA      [mem 0x0000000000001000-0x0000000000ffffff]
Jan 25 16:26:41 rcaraway kernel: [    0.000000]   DMA32    [mem 0x0000000001000000-0x00000000ffffffff]
Jan 25 16:26:41 rcaraway kernel: [    0.000000]   Normal   [mem 0x0000000100000000-0x000000011fffffff]
Jan 25 16:26:41 rcaraway kernel: [    0.000000] Movable zone start for each node
Jan 25 16:26:41 rcaraway kernel: [    0.000000] Early memory node ranges
Jan 25 16:26:41 rcaraway kernel: [    0.000000]   node   0: [mem 0x0000000000001000-0x000000000009efff]
Jan 25 16:26:41 rcaraway kernel: [    0.000000]   node   0: [mem 0x0000000000100000-0x00000000dffeffff]
Jan 25 16:26:41 rcaraway kernel: [    0.000000]   node   0: [mem 0x0000000100000000-0x000000011fffffff]
Jan 25 16:26:41 rcaraway kernel: [    0.000000] Initmem setup node 0 [mem 0x0000000000001000-0x000000011fffffff]
Jan 25 16:26:41 rcaraway kernel: [    0.000000] On node 0 totalpages: 1048462
Jan 25 16:26:41 rcaraway kernel: [    0.000000]   DMA zone: 64 pages used for memmap
Jan 25 16:26:41 rcaraway kernel: [    0.000000]   DMA zone: 158 pages reserved
Jan 25 16:26:41 rcaraway kernel: [    0.000000]   DMA zone: 3998 pages, LIFO batch:0
Jan 25 16:26:41 rcaraway kernel: [    0.000000]   DMA32 zone: 14272 pages used for memmap
Jan 25 16:26:41 rcaraway kernel: [    0.000000]   DMA32 zone: 913392 pages, LIFO batch:63
Jan 25 16:26:41 rcaraway kernel: [    0.000000]   Normal zone: 2048 pages used for memmap
Jan 25 16:26:41 rcaraway kernel: [    0.000000]   Normal zone: 131072 pages, LIFO batch:31
Jan 25 16:26:41 rcaraway kernel: [    0.000000] On node 0, zone DMA: 1 pages in unavailable ranges
Jan 25 16:26:41 rcaraway kernel: [    0.000000] On node 0, zone DMA: 97 pages in unavailable ranges
Jan 25 16:26:41 rcaraway kernel: [    0.000000] On node 0, zone Normal: 16 pages in unavailable ranges
Jan 25 16:26:41 rcaraway kernel: [    0.000000] ACPI: PM-Timer IO Port: 0x4008
Jan 25 16:26:41 rcaraway kernel: [    0.000000] ACPI: Local APIC address 0xfee00000
Jan 25 16:26:41 rcaraway kernel: [    0.000000] IOAPIC[0]: apic_id 4, version 32, address 0xfec00000, GSI 0-23
Jan 25 16:26:41 rcaraway kernel: [    0.000000] ACPI: INT_SRC_OVR (bus 0 bus_irq 0 global_irq 2 dfl dfl)
Jan 25 16:26:41 rcaraway kernel: [    0.000000] ACPI: INT_SRC_OVR (bus 0 bus_irq 9 global_irq 9 low level)
Jan 25 16:26:41 rcaraway kernel: [    0.000000] ACPI: IRQ0 used by override.
Jan 25 16:26:41 rcaraway kernel: [    0.000000] ACPI: IRQ9 used by override.
Jan 25 16:26:41 rcaraway kernel: [    0.000000] Using ACPI (MADT) for SMP configuration information
Jan 25 16:26:41 rcaraway kernel: [    0.000000] smpboot: Allowing 4 CPUs, 0 hotplug CPUs
Jan 25 16:26:41 rcaraway kernel: [    0.000000] PM: hibernation: Registered nosave memory: [mem 0x00000000-0x00000fff]
Jan 25 16:26:41 rcaraway kernel: [    0.000000] PM: hibernation: Registered nosave memory: [mem 0x0009f000-0x0009ffff]
Jan 25 16:26:41 rcaraway kernel: [    0.000000] PM: hibernation: Registered nosave memory: [mem 0x000a0000-0x000effff]
Jan 25 16:26:41 rcaraway kernel: [    0.000000] PM: hibernation: Registered nosave memory: [mem 0x000f0000-0x000fffff]
Jan 25 16:26:41 rcaraway kernel: [    0.000000] PM: hibernation: Registered nosave memory: [mem 0xdfff0000-0xdfffffff]
Jan 25 16:26:41 rcaraway kernel: [    0.000000] PM: hibernation: Registered nosave memory: [mem 0xe0000000-0xfebfffff]
Jan 25 16:26:41 rcaraway kernel: [    0.000000] PM: hibernation: Registered nosave memory: [mem 0xfec00000-0xfec00fff]
Jan 25 16:26:41 rcaraway kernel: [    0.000000] PM: hibernation: Registered nosave memory: [mem 0xfec01000-0xfedfffff]
Jan 25 16:26:41 rcaraway kernel: [    0.000000] PM: hibernation: Registered nosave memory: [mem 0xfee00000-0xfee00fff]
Jan 25 16:26:41 rcaraway kernel: [    0.000000] PM: hibernation: Registered nosave memory: [mem 0xfee01000-0xfffbffff]
Jan 25 16:26:41 rcaraway kernel: [    0.000000] PM: hibernation: Registered nosave memory: [mem 0xfffc0000-0xffffffff]
Jan 25 16:26:41 rcaraway kernel: [    0.000000] [mem 0xe0000000-0xfebfffff] available for PCI devices
Jan 25 16:26:41 rcaraway kernel: [    0.000000] clocksource: refined-jiffies: mask: 0xffffffff max_cycles: 0xffffffff, max_idle_ns: 1910969940391419 ns
Jan 25 16:26:41 rcaraway kernel: [    0.000000] setup_percpu: NR_CPUS:64 nr_cpumask_bits:64 nr_cpu_ids:4 nr_node_ids:1
Jan 25 16:26:41 rcaraway kernel: [    0.000000] percpu: Embedded 52 pages/cpu s174104 r8192 d30696 u524288
Jan 25 16:26:41 rcaraway kernel: [    0.000000] pcpu-alloc: s174104 r8192 d30696 u524288 alloc=1*2097152
Jan 25 16:26:41 rcaraway kernel: [    0.000000] pcpu-alloc: [0] 0 1 2 3 
Jan 25 16:26:41 rcaraway kernel: [    0.000000] Built 1 zonelists, mobility grouping on.  Total pages: 1031920
Jan 25 16:26:41 rcaraway kernel: [    0.000000] Policy zone: Normal
Jan 25 16:26:41 rcaraway kernel: [    0.000000] Kernel command line: BOOT_IMAGE=(hd0,1)/vmlinuz-5.13.12-rcaraway.0 root=/dev/sda3 ro
Jan 25 16:26:41 rcaraway kernel: [    0.000000] Dentry cache hash table entries: 524288 (order: 10, 4194304 bytes, linear)
Jan 25 16:26:41 rcaraway kernel: [    0.000000] Inode-cache hash table entries: 262144 (order: 9, 2097152 bytes, linear)
Jan 25 16:26:41 rcaraway kernel: [    0.000000] mem auto-init: stack:off, heap alloc:off, heap free:off
Jan 25 16:26:41 rcaraway kernel: [    0.000000] Memory: 4023268K/4193848K available (14349K kernel code, 2559K rwdata, 3512K rodata, 1368K init, 1560K bss, 170320K reserved, 0K cma-reserved)
Jan 25 16:26:41 rcaraway kernel: [    0.000000] SLUB: HWalign=64, Order=0-3, MinObjects=0, CPUs=4, Nodes=1
Jan 25 16:26:41 rcaraway kernel: [    0.000000] Kernel/User page tables isolation: enabled
Jan 25 16:26:41 rcaraway kernel: [    0.000000] rcu: Hierarchical RCU implementation.
Jan 25 16:26:41 rcaraway kernel: [    0.000000] rcu: ^IRCU event tracing is enabled.
Jan 25 16:26:41 rcaraway kernel: [    0.000000] rcu: ^IRCU restricting CPUs from NR_CPUS=64 to nr_cpu_ids=4.
Jan 25 16:26:41 rcaraway kernel: [    0.000000] rcu: RCU calculated value of scheduler-enlistment delay is 100 jiffies.
Jan 25 16:26:41 rcaraway kernel: [    0.000000] rcu: Adjusting geometry for rcu_fanout_leaf=16, nr_cpu_ids=4
Jan 25 16:26:41 rcaraway kernel: [    0.000000] NR_IRQS: 4352, nr_irqs: 456, preallocated irqs: 16
Jan 25 16:26:41 rcaraway kernel: [    0.000000] random: get_random_bytes called from start_kernel+0x373/0x53e with crng_init=0
Jan 25 16:26:41 rcaraway kernel: [    0.000000] Console: colour dummy device 80x25
Jan 25 16:26:41 rcaraway kernel: [    0.000000] printk: console [tty0] enabled
Jan 25 16:26:41 rcaraway kernel: [    0.000000] ACPI: Core revision 20210331
Jan 25 16:26:41 rcaraway kernel: [    0.000000] APIC: Switch to symmetric I/O mode setup
Jan 25 16:26:41 rcaraway kernel: [    0.000000] ..TIMER: vector=0x30 apic1=0 pin1=2 apic2=-1 pin2=-1
Jan 25 16:26:41 rcaraway kernel: [    0.008000] tsc: Unable to calibrate against PIT
Jan 25 16:26:41 rcaraway kernel: [    0.008000] tsc: using PMTIMER reference calibration
Jan 25 16:26:41 rcaraway kernel: [    0.008000] tsc: Detected 3407.979 MHz processor
Jan 25 16:26:41 rcaraway kernel: [    0.000004] clocksource: tsc-early: mask: 0xffffffffffffffff max_cycles: 0x311fc05c17b, max_idle_ns: 440795278260 ns
Jan 25 16:26:41 rcaraway kernel: [    0.000011] Calibrating delay loop (skipped), value calculated using timer frequency.. 6815.95 BogoMIPS (lpj=3407979)
Jan 25 16:26:41 rcaraway kernel: [    0.000017] pid_max: default: 32768 minimum: 301
Jan 25 16:26:41 rcaraway kernel: [    0.000033] LSM: Security Framework initializing
Jan 25 16:26:41 rcaraway kernel: [    0.000040] SELinux:  Initializing.
Jan 25 16:26:41 rcaraway kernel: [    0.000059] Mount-cache hash table entries: 8192 (order: 4, 65536 bytes, linear)
Jan 25 16:26:41 rcaraway kernel: [    0.000067] Mountpoint-cache hash table entries: 8192 (order: 4, 65536 bytes, linear)
Jan 25 16:26:41 rcaraway kernel: [    0.000286] Last level iTLB entries: 4KB 128, 2MB 8, 4MB 8
Jan 25 16:26:41 rcaraway kernel: [    0.000290] Last level dTLB entries: 4KB 64, 2MB 0, 4MB 0, 1GB 4
Jan 25 16:26:41 rcaraway kernel: [    0.000294] Spectre V1 : Mitigation: usercopy/swapgs barriers and __user pointer sanitization
Jan 25 16:26:41 rcaraway kernel: [    0.000297] Spectre V2 : Mitigation: Full generic retpoline
Jan 25 16:26:41 rcaraway kernel: [    0.000299] Spectre V2 : Spectre v2 / SpectreRSB mitigation: Filling RSB on context switch
Jan 25 16:26:41 rcaraway kernel: [    0.000302] Speculative Store Bypass: Vulnerable
Jan 25 16:26:41 rcaraway kernel: [    0.000306] SRBDS: Unknown: Dependent on hypervisor status
Jan 25 16:26:41 rcaraway kernel: [    0.000308] MDS: Mitigation: Clear CPU buffers
Jan 25 16:26:41 rcaraway kernel: [    0.001697] Freeing SMP alternatives memory: 40K
Jan 25 16:26:41 rcaraway kernel: [    0.103941] smpboot: CPU0: Intel(R) Core(TM) i5-7500 CPU @ 3.40GHz (family: 0x6, model: 0x9e, stepping: 0x9)
Jan 25 16:26:41 rcaraway kernel: [    0.104009] Performance Events: unsupported p6 CPU model 158 no PMU driver, software events only.
Jan 25 16:26:41 rcaraway kernel: [    0.104009] rcu: Hierarchical SRCU implementation.
Jan 25 16:26:41 rcaraway kernel: [    0.104009] smp: Bringing up secondary CPUs ...
Jan 25 16:26:41 rcaraway kernel: [    0.104009] x86: Booting SMP configuration:
Jan 25 16:26:41 rcaraway kernel: [    0.104009] .... node  #0, CPUs:      #1 #2 #3
Jan 25 16:26:41 rcaraway kernel: [    0.111141] smp: Brought up 1 node, 4 CPUs
Jan 25 16:26:41 rcaraway kernel: [    0.111151] smpboot: Max logical packages: 1
Jan 25 16:26:41 rcaraway kernel: [    0.111154] smpboot: Total of 4 processors activated (27263.83 BogoMIPS)
Jan 25 16:26:41 rcaraway kernel: [    0.111435] devtmpfs: initialized
Jan 25 16:26:41 rcaraway kernel: [    0.112071] clocksource: jiffies: mask: 0xffffffff max_cycles: 0xffffffff, max_idle_ns: 1911260446275000 ns
Jan 25 16:26:41 rcaraway kernel: [    0.112078] futex hash table entries: 1024 (order: 4, 65536 bytes, linear)
Jan 25 16:26:41 rcaraway kernel: [    0.112133] PM: RTC time: 13:26:35, date: 2022-01-25
Jan 25 16:26:41 rcaraway kernel: [    0.112335] NET: Registered protocol family 16
Jan 25 16:26:41 rcaraway kernel: [    0.112458] audit: initializing netlink subsys (disabled)
Jan 25 16:26:41 rcaraway kernel: [    0.112517] audit: type=2000 audit(1643117195.120:1): state=initialized audit_enabled=0 res=1
Jan 25 16:26:41 rcaraway kernel: [    0.112517] thermal_sys: Registered thermal governor 'step_wise'
Jan 25 16:26:41 rcaraway kernel: [    0.112517] thermal_sys: Registered thermal governor 'user_space'
Jan 25 16:26:41 rcaraway kernel: [    0.112517] cpuidle: using governor menu
Jan 25 16:26:41 rcaraway kernel: [    0.113030] ACPI: bus type PCI registered
Jan 25 16:26:41 rcaraway kernel: [    0.113119] PCI: Using configuration type 1 for base access
Jan 25 16:26:41 rcaraway kernel: [    0.114525] Kprobes globally optimized
Jan 25 16:26:41 rcaraway kernel: [    0.114603] HugeTLB registered 2.00 MiB page size, pre-allocated 0 pages
Jan 25 16:26:41 rcaraway kernel: [    0.115049] cryptomgr_test (36) used greatest stack depth: 15712 bytes left
Jan 25 16:26:41 rcaraway kernel: [    0.115049] cryptomgr_test (37) used greatest stack depth: 15168 bytes left
Jan 25 16:26:41 rcaraway kernel: [    0.118076] ACPI: Added _OSI(Module Device)
Jan 25 16:26:41 rcaraway kernel: [    0.118080] ACPI: Added _OSI(Processor Device)
Jan 25 16:26:41 rcaraway kernel: [    0.118082] ACPI: Added _OSI(3.0 _SCP Extensions)
Jan 25 16:26:41 rcaraway kernel: [    0.118085] ACPI: Added _OSI(Processor Aggregator Device)
Jan 25 16:26:41 rcaraway kernel: [    0.118087] ACPI: Added _OSI(Linux-Dell-Video)
Jan 25 16:26:41 rcaraway kernel: [    0.118090] ACPI: Added _OSI(Linux-Lenovo-NV-HDMI-Audio)
Jan 25 16:26:41 rcaraway kernel: [    0.118092] ACPI: Added _OSI(Linux-HPI-Hybrid-Graphics)
Jan 25 16:26:41 rcaraway kernel: [    0.119343] ACPI: 2 ACPI AML tables successfully acquired and loaded
Jan 25 16:26:41 rcaraway kernel: [    0.120494] ACPI: Interpreter enabled
Jan 25 16:26:41 rcaraway kernel: [    0.120494] ACPI: (supports S0 S5)
Jan 25 16:26:41 rcaraway kernel: [    0.120494] ACPI: Using IOAPIC for interrupt routing
Jan 25 16:26:41 rcaraway kernel: [    0.120625] PCI: Using host bridge windows from ACPI; if necessary, use "pci=nocrs" and report a bug
Jan 25 16:26:41 rcaraway kernel: [    0.120720] ACPI: Enabled 2 GPEs in block 00 to 07
Jan 25 16:26:41 rcaraway kernel: [    0.124689] ACPI: PCI Root Bridge [PCI0] (domain 0000 [bus 00-ff])
Jan 25 16:26:41 rcaraway kernel: [    0.124698] acpi PNP0A03:00: _OSC: OS supports [ASPM ClockPM Segments MSI HPX-Type3]
Jan 25 16:26:41 rcaraway kernel: [    0.124887] acpi PNP0A03:00: _OSC: not requesting OS control; OS requires [ExtendedConfig ASPM ClockPM MSI]
Jan 25 16:26:41 rcaraway kernel: [    0.124894] acpi PNP0A03:00: fail to add MMCONFIG information, can't access extended PCI configuration space under this bridge.
Jan 25 16:26:41 rcaraway kernel: [    0.125077] PCI host bridge to bus 0000:00
Jan 25 16:26:41 rcaraway kernel: [    0.125081] pci_bus 0000:00: root bus resource [io  0x0000-0x0cf7 window]
Jan 25 16:26:41 rcaraway kernel: [    0.125085] pci_bus 0000:00: root bus resource [io  0x0d00-0xffff window]
Jan 25 16:26:41 rcaraway kernel: [    0.125088] pci_bus 0000:00: root bus resource [mem 0x000a0000-0x000bffff window]
Jan 25 16:26:41 rcaraway kernel: [    0.125091] pci_bus 0000:00: root bus resource [mem 0xe0000000-0xfdffffff window]
Jan 25 16:26:41 rcaraway kernel: [    0.125095] pci_bus 0000:00: root bus resource [bus 00-ff]
Jan 25 16:26:41 rcaraway kernel: [    0.125159] pci 0000:00:00.0: [8086:1237] type 00 class 0x060000
Jan 25 16:26:41 rcaraway kernel: [    0.126677] pci 0000:00:01.0: [8086:7000] type 00 class 0x060100
Jan 25 16:26:41 rcaraway kernel: [    0.128450] pci 0000:00:01.1: [8086:7111] type 00 class 0x01018a
Jan 25 16:26:41 rcaraway kernel: [    0.129135] pci 0000:00:01.1: reg 0x20: [io  0xd000-0xd00f]
Jan 25 16:26:41 rcaraway kernel: [    0.129361] pci 0000:00:01.1: legacy IDE quirk: reg 0x10: [io  0x01f0-0x01f7]
Jan 25 16:26:41 rcaraway kernel: [    0.129365] pci 0000:00:01.1: legacy IDE quirk: reg 0x14: [io  0x03f6]
Jan 25 16:26:41 rcaraway kernel: [    0.129367] pci 0000:00:01.1: legacy IDE quirk: reg 0x18: [io  0x0170-0x0177]
Jan 25 16:26:41 rcaraway kernel: [    0.129370] pci 0000:00:01.1: legacy IDE quirk: reg 0x1c: [io  0x0376]
Jan 25 16:26:41 rcaraway kernel: [    0.129705] pci 0000:00:02.0: [15ad:0405] type 00 class 0x030000
Jan 25 16:26:41 rcaraway kernel: [    0.130295] pci 0000:00:02.0: reg 0x10: [io  0xd010-0xd01f]
Jan 25 16:26:41 rcaraway kernel: [    0.132280] pci 0000:00:02.0: reg 0x14: [mem 0xe0000000-0xe0ffffff pref]
Jan 25 16:26:41 rcaraway kernel: [    0.134229] pci 0000:00:02.0: reg 0x18: [mem 0xf0000000-0xf01fffff]
Jan 25 16:26:41 rcaraway kernel: [    0.143063] pci 0000:00:03.0: [8086:100e] type 00 class 0x020000
Jan 25 16:26:41 rcaraway kernel: [    0.144145] pci 0000:00:03.0: reg 0x10: [mem 0xf0200000-0xf021ffff]
Jan 25 16:26:41 rcaraway kernel: [    0.147471] pci 0000:00:03.0: reg 0x18: [io  0xd020-0xd027]
Jan 25 16:26:41 rcaraway kernel: [    0.154528] pci 0000:00:04.0: [80ee:cafe] type 00 class 0x088000
Jan 25 16:26:41 rcaraway kernel: [    0.157152] pci 0000:00:04.0: reg 0x10: [io  0xd040-0xd05f]
Jan 25 16:26:41 rcaraway kernel: [    0.159137] pci 0000:00:04.0: reg 0x14: [mem 0xf0400000-0xf07fffff]
Jan 25 16:26:41 rcaraway kernel: [    0.161122] pci 0000:00:04.0: reg 0x18: [mem 0xf0800000-0xf0803fff pref]
Jan 25 16:26:41 rcaraway kernel: [    0.167574] pci 0000:00:05.0: [8086:2415] type 00 class 0x040100
Jan 25 16:26:41 rcaraway kernel: [    0.167760] pci 0000:00:05.0: reg 0x10: [io  0xd100-0xd1ff]
Jan 25 16:26:41 rcaraway kernel: [    0.167856] pci 0000:00:05.0: reg 0x14: [io  0xd200-0xd23f]
Jan 25 16:26:41 rcaraway kernel: [    0.172301] pci 0000:00:06.0: [106b:003f] type 00 class 0x0c0310
Jan 25 16:26:41 rcaraway kernel: [    0.174118] pci 0000:00:06.0: reg 0x10: [mem 0xf0804000-0xf0804fff]
Jan 25 16:26:41 rcaraway kernel: [    0.185432] pci 0000:00:07.0: [8086:7113] type 00 class 0x068000
Jan 25 16:26:41 rcaraway kernel: [    0.186555] pci 0000:00:07.0: quirk: [io  0x4000-0x403f] claimed by PIIX4 ACPI
Jan 25 16:26:41 rcaraway kernel: [    0.186589] pci 0000:00:07.0: quirk: [io  0x4100-0x410f] claimed by PIIX4 SMB
Jan 25 16:26:41 rcaraway kernel: [    0.188157] ACPI: PCI: Interrupt link LNKA configured for IRQ 11
Jan 25 16:26:41 rcaraway kernel: [    0.188322] ACPI: PCI: Interrupt link LNKB configured for IRQ 10
Jan 25 16:26:41 rcaraway kernel: [    0.188413] ACPI: PCI: Interrupt link LNKC configured for IRQ 9
Jan 25 16:26:41 rcaraway kernel: [    0.188502] ACPI: PCI: Interrupt link LNKD configured for IRQ 11
Jan 25 16:26:41 rcaraway kernel: [    0.188663] iommu: Default domain type: Translated 
Jan 25 16:26:41 rcaraway kernel: [    0.188694] pci 0000:00:02.0: vgaarb: setting as boot VGA device
Jan 25 16:26:41 rcaraway kernel: [    0.188694] pci 0000:00:02.0: vgaarb: VGA device added: decodes=io+mem,owns=io+mem,locks=none
Jan 25 16:26:41 rcaraway kernel: [    0.188694] pci 0000:00:02.0: vgaarb: bridge control possible
Jan 25 16:26:41 rcaraway kernel: [    0.188694] vgaarb: loaded
Jan 25 16:26:41 rcaraway kernel: [    0.188694] SCSI subsystem initialized
Jan 25 16:26:41 rcaraway kernel: [    0.189039] libata version 3.00 loaded.
Jan 25 16:26:41 rcaraway kernel: [    0.189068] ACPI: bus type USB registered
Jan 25 16:26:41 rcaraway kernel: [    0.189085] usbcore: registered new interface driver usbfs
Jan 25 16:26:41 rcaraway kernel: [    0.189094] usbcore: registered new interface driver hub
Jan 25 16:26:41 rcaraway kernel: [    0.189100] usbcore: registered new device driver usb
Jan 25 16:26:41 rcaraway kernel: [    0.189112] pps_core: LinuxPPS API ver. 1 registered
Jan 25 16:26:41 rcaraway kernel: [    0.189115] pps_core: Software ver. 5.3.6 - Copyright 2005-2007 Rodolfo Giometti <giometti@linux.it>
Jan 25 16:26:41 rcaraway kernel: [    0.189122] PTP clock support registered
Jan 25 16:26:41 rcaraway kernel: [    0.189158] Advanced Linux Sound Architecture Driver Initialized.
Jan 25 16:26:41 rcaraway kernel: [    0.189158] NetLabel: Initializing
Jan 25 16:26:41 rcaraway kernel: [    0.189158] NetLabel:  domain hash size = 128
Jan 25 16:26:41 rcaraway kernel: [    0.189158] NetLabel:  protocols = UNLABELED CIPSOv4 CALIPSO
Jan 25 16:26:41 rcaraway kernel: [    0.189172] NetLabel:  unlabeled traffic allowed by default
Jan 25 16:26:41 rcaraway kernel: [    0.189191] PCI: Using ACPI for IRQ routing
Jan 25 16:26:41 rcaraway kernel: [    0.189191] PCI: pci_cache_line_size set to 64 bytes
Jan 25 16:26:41 rcaraway kernel: [    0.189398] e820: reserve RAM buffer [mem 0x0009fc00-0x0009ffff]
Jan 25 16:26:41 rcaraway kernel: [    0.189399] e820: reserve RAM buffer [mem 0xdfff0000-0xdfffffff]
Jan 25 16:26:41 rcaraway kernel: [    0.190092] clocksource: Switched to clocksource tsc-early
Jan 25 16:26:41 rcaraway kernel: [    0.295114] VFS: Disk quotas dquot_6.6.0
Jan 25 16:26:41 rcaraway kernel: [    0.295131] VFS: Dquot-cache hash table entries: 512 (order 0, 4096 bytes)
Jan 25 16:26:41 rcaraway kernel: [    0.295179] pnp: PnP ACPI init
Jan 25 16:26:41 rcaraway kernel: [    0.295229] pnp 00:00: Plug and Play ACPI device, IDs PNP0303 (active)
Jan 25 16:26:41 rcaraway kernel: [    0.295290] pnp 00:01: Plug and Play ACPI device, IDs PNP0f03 (active)
Jan 25 16:26:41 rcaraway kernel: [    0.296118] pnp: PnP ACPI: found 2 devices
Jan 25 16:26:41 rcaraway kernel: [    0.307622] clocksource: acpi_pm: mask: 0xffffff max_cycles: 0xffffff, max_idle_ns: 2085701024 ns
Jan 25 16:26:41 rcaraway kernel: [    0.307657] NET: Registered protocol family 2
Jan 25 16:26:41 rcaraway kernel: [    0.307713] IP idents hash table entries: 65536 (order: 7, 524288 bytes, linear)
Jan 25 16:26:41 rcaraway kernel: [    0.308126] tcp_listen_portaddr_hash hash table entries: 2048 (order: 3, 32768 bytes, linear)
Jan 25 16:26:41 rcaraway kernel: [    0.308135] TCP established hash table entries: 32768 (order: 6, 262144 bytes, linear)
Jan 25 16:26:41 rcaraway kernel: [    0.308163] TCP bind hash table entries: 32768 (order: 7, 524288 bytes, linear)
Jan 25 16:26:41 rcaraway kernel: [    0.308813] TCP: Hash tables configured (established 32768 bind 32768)
Jan 25 16:26:41 rcaraway kernel: [    0.309109] UDP hash table entries: 2048 (order: 4, 65536 bytes, linear)
Jan 25 16:26:41 rcaraway kernel: [    0.309119] UDP-Lite hash table entries: 2048 (order: 4, 65536 bytes, linear)
Jan 25 16:26:41 rcaraway kernel: [    0.309193] NET: Registered protocol family 1
Jan 25 16:26:41 rcaraway kernel: [    0.309695] RPC: Registered named UNIX socket transport module.
Jan 25 16:26:41 rcaraway kernel: [    0.309699] RPC: Registered udp transport module.
Jan 25 16:26:41 rcaraway kernel: [    0.309702] RPC: Registered tcp transport module.
Jan 25 16:26:41 rcaraway kernel: [    0.309704] RPC: Registered tcp NFSv4.1 backchannel transport module.
Jan 25 16:26:41 rcaraway kernel: [    0.310069] pci_bus 0000:00: resource 4 [io  0x0000-0x0cf7 window]
Jan 25 16:26:41 rcaraway kernel: [    0.310075] pci_bus 0000:00: resource 5 [io  0x0d00-0xffff window]
Jan 25 16:26:41 rcaraway kernel: [    0.310078] pci_bus 0000:00: resource 6 [mem 0x000a0000-0x000bffff window]
Jan 25 16:26:41 rcaraway kernel: [    0.310081] pci_bus 0000:00: resource 7 [mem 0xe0000000-0xfdffffff window]
Jan 25 16:26:41 rcaraway kernel: [    0.310123] pci 0000:00:00.0: Limiting direct PCI/PCI transfers
Jan 25 16:26:41 rcaraway kernel: [    0.310145] pci 0000:00:01.0: Activating ISA DMA hang workarounds
Jan 25 16:26:41 rcaraway kernel: [    0.310220] pci 0000:00:02.0: Video device with shadowed ROM at [mem 0x000c0000-0x000dffff]
Jan 25 16:26:41 rcaraway kernel: [    0.311256] PCI: CLS 0 bytes, default 64
Jan 25 16:26:41 rcaraway kernel: [    0.311274] PCI-DMA: Using software bounce buffering for IO (SWIOTLB)
Jan 25 16:26:41 rcaraway kernel: [    0.311280] software IO TLB: mapped [mem 0x00000000dbff0000-0x00000000dfff0000] (64MB)
Jan 25 16:26:41 rcaraway kernel: [    0.311536] RAPL PMU: API unit is 2^-32 Joules, 0 fixed counters, 10737418240 ms ovfl timer
Jan 25 16:26:41 rcaraway kernel: [    0.311567] platform rtc_cmos: registered platform RTC device (no PNP device found)
Jan 25 16:26:41 rcaraway kernel: [    0.313519] Initialise system trusted keyrings
Jan 25 16:26:41 rcaraway kernel: [    0.313646] workingset: timestamp_bits=56 max_order=20 bucket_order=0
Jan 25 16:26:41 rcaraway kernel: [    0.315034] NFS: Registering the id_resolver key type
Jan 25 16:26:41 rcaraway kernel: [    0.315041] Key type id_resolver registered
Jan 25 16:26:41 rcaraway kernel: [    0.315044] Key type id_legacy registered
Jan 25 16:26:41 rcaraway kernel: [    0.327468] Key type asymmetric registered
Jan 25 16:26:41 rcaraway kernel: [    0.327475] Asymmetric key parser 'x509' registered
Jan 25 16:26:41 rcaraway kernel: [    0.327513] Block layer SCSI generic (bsg) driver version 0.4 loaded (major 251)
Jan 25 16:26:41 rcaraway kernel: [    0.327516] io scheduler mq-deadline registered
Jan 25 16:26:41 rcaraway kernel: [    0.327519] io scheduler kyber registered
Jan 25 16:26:41 rcaraway kernel: [    0.328047] ACPI: AC: AC Adapter [AC] (on-line)
Jan 25 16:26:41 rcaraway kernel: [    0.328085] input: Power Button as /devices/LNXSYSTM:00/LNXPWRBN:00/input/input0
Jan 25 16:26:41 rcaraway kernel: [    0.328120] ACPI: button: Power Button [PWRF]
Jan 25 16:26:41 rcaraway kernel: [    0.328200] input: Sleep Button as /devices/LNXSYSTM:00/LNXSLPBN:00/input/input1
Jan 25 16:26:41 rcaraway kernel: [    0.328217] ACPI: button: Sleep Button [SLPF]
Jan 25 16:26:41 rcaraway kernel: [    0.332031] ACPI: video: Video Device [GFX0] (multi-head: yes  rom: no  post: no)
Jan 25 16:26:41 rcaraway kernel: [    0.332095] input: Video Bus as /devices/LNXSYSTM:00/LNXSYBUS:00/PNP0A03:00/LNXVIDEO:00/input/input2
Jan 25 16:26:41 rcaraway kernel: [    0.332524] Serial: 8250/16550 driver, 4 ports, IRQ sharing enabled
Jan 25 16:26:41 rcaraway kernel: [    0.333104] Non-volatile memory driver v1.3
Jan 25 16:26:41 rcaraway kernel: [    0.333162] Linux agpgart interface v0.103
Jan 25 16:26:41 rcaraway kernel: [    0.335495] loop: module loaded
Jan 25 16:26:41 rcaraway kernel: [    0.337083] ata_piix 0000:00:01.1: version 2.13
Jan 25 16:26:41 rcaraway kernel: [    0.337738] scsi host0: ata_piix
Jan 25 16:26:41 rcaraway kernel: [    0.338062] scsi host1: ata_piix
Jan 25 16:26:41 rcaraway kernel: [    0.338090] ata1: PATA max UDMA/33 cmd 0x1f0 ctl 0x3f6 bmdma 0xd000 irq 14
Jan 25 16:26:41 rcaraway kernel: [    0.338094] ata2: PATA max UDMA/33 cmd 0x170 ctl 0x376 bmdma 0xd008 irq 15
Jan 25 16:26:41 rcaraway kernel: [    0.338234] e100: Intel(R) PRO/100 Network Driver
Jan 25 16:26:41 rcaraway kernel: [    0.338238] e100: Copyright(c) 1999-2006 Intel Corporation
Jan 25 16:26:41 rcaraway kernel: [    0.338245] e1000: Intel(R) PRO/1000 Network Driver
Jan 25 16:26:41 rcaraway kernel: [    0.338248] e1000: Copyright (c) 1999-2006 Intel Corporation.
Jan 25 16:26:41 rcaraway kernel: [    0.507498] ata1.00: ATA-6: VBOX HARDDISK, 1.0, max UDMA/133
Jan 25 16:26:41 rcaraway kernel: [    0.507507] ata1.00: 62914560 sectors, multi 128: LBA 
Jan 25 16:26:41 rcaraway kernel: [    0.507513] ata1.01: ATAPI: VBOX CD-ROM, 1.0, max UDMA/133
Jan 25 16:26:41 rcaraway kernel: [    0.508981] scsi 0:0:0:0: Direct-Access     ATA      VBOX HARDDISK    1.0  PQ: 0 ANSI: 5
Jan 25 16:26:41 rcaraway kernel: [    0.509163] scsi 0:0:0:0: Attached scsi generic sg0 type 0
Jan 25 16:26:41 rcaraway kernel: [    0.509686] scsi 0:0:1:0: CD-ROM            VBOX     CD-ROM           1.0  PQ: 0 ANSI: 5
Jan 25 16:26:41 rcaraway kernel: [    0.510689] sr 0:0:1:0: [sr0] scsi3-mmc drive: 32x/32x xa/form2 tray
Jan 25 16:26:41 rcaraway kernel: [    0.510694] cdrom: Uniform CD-ROM driver Revision: 3.20
Jan 25 16:26:41 rcaraway kernel: [    0.514201] sd 0:0:0:0: [sda] 62914560 512-byte logical blocks: (32.2 GB/30.0 GiB)
Jan 25 16:26:41 rcaraway kernel: [    0.514220] sd 0:0:0:0: [sda] Write Protect is off
Jan 25 16:26:41 rcaraway kernel: [    0.514223] sd 0:0:0:0: [sda] Mode Sense: 00 3a 00 00
Jan 25 16:26:41 rcaraway kernel: [    0.514251] sd 0:0:0:0: [sda] Write cache: enabled, read cache: enabled, doesn't support DPO or FUA
Jan 25 16:26:41 rcaraway kernel: [    0.514618] sr 0:0:1:0: Attached scsi CD-ROM sr0
Jan 25 16:26:41 rcaraway kernel: [    0.514656] sr 0:0:1:0: Attached scsi generic sg1 type 5
Jan 25 16:26:41 rcaraway kernel: [    0.523970]  sda: sda1 sda2 sda3
Jan 25 16:26:41 rcaraway kernel: [    0.524314] sd 0:0:0:0: [sda] Attached SCSI disk
Jan 25 16:26:41 rcaraway kernel: [    0.756088] e1000 0000:00:03.0 eth0: (PCI:33MHz:32-bit) 08:00:27:cc:a5:b9
Jan 25 16:26:41 rcaraway kernel: [    0.756100] e1000 0000:00:03.0 eth0: Intel(R) PRO/1000 Network Connection
Jan 25 16:26:41 rcaraway kernel: [    0.756126] e1000e: Intel(R) PRO/1000 Network Driver
Jan 25 16:26:41 rcaraway kernel: [    0.756128] e1000e: Copyright(c) 1999 - 2015 Intel Corporation.
Jan 25 16:26:41 rcaraway kernel: [    0.756139] sky2: driver version 1.30
Jan 25 16:26:41 rcaraway kernel: [    0.756290] ehci_hcd: USB 2.0 'Enhanced' Host Controller (EHCI) Driver
Jan 25 16:26:41 rcaraway kernel: [    0.756293] ehci-pci: EHCI PCI platform driver
Jan 25 16:26:41 rcaraway kernel: [    0.756301] ohci_hcd: USB 1.1 'Open' Host Controller (OHCI) Driver
Jan 25 16:26:41 rcaraway kernel: [    0.756307] ohci-pci: OHCI PCI platform driver
Jan 25 16:26:41 rcaraway kernel: [    0.756723] ohci-pci 0000:00:06.0: OHCI PCI host controller
Jan 25 16:26:41 rcaraway kernel: [    0.756887] ohci-pci 0000:00:06.0: new USB bus registered, assigned bus number 1
Jan 25 16:26:41 rcaraway kernel: [    0.756938] ohci-pci 0000:00:06.0: irq 22, io mem 0xf0804000
Jan 25 16:26:41 rcaraway kernel: [    0.809360] usb usb1: New USB device found, idVendor=1d6b, idProduct=0001, bcdDevice= 5.13
Jan 25 16:26:41 rcaraway kernel: [    0.809368] usb usb1: New USB device strings: Mfr=3, Product=2, SerialNumber=1
Jan 25 16:26:41 rcaraway kernel: [    0.809372] usb usb1: Product: OHCI PCI host controller
Jan 25 16:26:41 rcaraway kernel: [    0.809375] usb usb1: Manufacturer: Linux 5.13.12-rcaraway ohci_hcd
Jan 25 16:26:41 rcaraway kernel: [    0.809378] usb usb1: SerialNumber: 0000:00:06.0
Jan 25 16:26:41 rcaraway kernel: [    0.809574] hub 1-0:1.0: USB hub found
Jan 25 16:26:41 rcaraway kernel: [    0.809589] hub 1-0:1.0: 12 ports detected
Jan 25 16:26:41 rcaraway kernel: [    0.810222] uhci_hcd: USB Universal Host Controller Interface driver
Jan 25 16:26:41 rcaraway kernel: [    0.810250] usbcore: registered new interface driver usblp
Jan 25 16:26:41 rcaraway kernel: [    0.810258] usbcore: registered new interface driver usb-storage
Jan 25 16:26:41 rcaraway kernel: [    0.810276] i8042: PNP: PS/2 Controller [PNP0303:PS2K,PNP0f03:PS2M] at 0x60,0x64 irq 1,12
Jan 25 16:26:41 rcaraway kernel: [    0.810739] serio: i8042 KBD port at 0x60,0x64 irq 1
Jan 25 16:26:41 rcaraway kernel: [    0.810746] serio: i8042 AUX port at 0x60,0x64 irq 12
Jan 25 16:26:41 rcaraway kernel: [    0.811809] input: AT Translated Set 2 keyboard as /devices/platform/i8042/serio0/input/input3
Jan 25 16:26:41 rcaraway kernel: [    0.811974] rtc_cmos rtc_cmos: registered as rtc0
Jan 25 16:26:41 rcaraway kernel: [    0.811989] rtc_cmos rtc_cmos: alarms up to one day, 114 bytes nvram
Jan 25 16:26:41 rcaraway kernel: [    0.812178] device-mapper: ioctl: 4.45.0-ioctl (2021-03-22) initialised: dm-devel@redhat.com
Jan 25 16:26:41 rcaraway kernel: [    0.812184] intel_pstate: CPU model not supported
Jan 25 16:26:41 rcaraway kernel: [    0.812193] hid: raw HID events driver (C) Jiri Kosina
Jan 25 16:26:41 rcaraway kernel: [    0.812368] usbcore: registered new interface driver usbhid
Jan 25 16:26:41 rcaraway kernel: [    0.812372] usbhid: USB HID core driver
Jan 25 16:26:41 rcaraway kernel: [    0.813379] Initializing XFRM netlink socket
Jan 25 16:26:41 rcaraway kernel: [    0.813592] NET: Registered protocol family 10
Jan 25 16:26:41 rcaraway kernel: [    0.814410] Segment Routing with IPv6
Jan 25 16:26:41 rcaraway kernel: [    0.815047] sit: IPv6, IPv4 and MPLS over IPv4 tunneling driver
Jan 25 16:26:41 rcaraway kernel: [    0.815219] NET: Registered protocol family 17
Jan 25 16:26:41 rcaraway kernel: [    0.815270] Key type dns_resolver registered
Jan 25 16:26:41 rcaraway kernel: [    0.815679] IPI shorthand broadcast: enabled
Jan 25 16:26:41 rcaraway kernel: [    0.815690] sched_clock: Marking stable (823640149, -7990076)->(827454697, -11804624)
Jan 25 16:26:41 rcaraway kernel: [    0.816188] registered taskstats version 1
Jan 25 16:26:41 rcaraway kernel: [    0.816192] Loading compiled-in X.509 certificates
Jan 25 16:26:41 rcaraway kernel: [    0.816602] PM:   Magic number: 6:600:433
Jan 25 16:26:41 rcaraway kernel: [    0.816664] printk: console [netcon0] enabled
Jan 25 16:26:41 rcaraway kernel: [    0.816667] netconsole: network logging started
Jan 25 16:26:41 rcaraway kernel: [    0.817070] cfg80211: Loading compiled-in X.509 certificates for regulatory database
Jan 25 16:26:41 rcaraway kernel: [    0.817223] kworker/u8:1 (83) used greatest stack depth: 14312 bytes left
Jan 25 16:26:41 rcaraway kernel: [    0.817954] cfg80211: Loaded X.509 cert 'sforshee: 00b28ddf47aef9cea7'
Jan 25 16:26:41 rcaraway kernel: [    0.817975] platform regulatory.0: Direct firmware load for regulatory.db failed with error -2
Jan 25 16:26:41 rcaraway kernel: [    0.817979] cfg80211: failed to load regulatory.db
Jan 25 16:26:41 rcaraway kernel: [    0.817992] ALSA device list:
Jan 25 16:26:41 rcaraway kernel: [    0.817996]   No soundcards found.
Jan 25 16:26:41 rcaraway kernel: [    1.022072] input: ImExPS/2 Generic Explorer Mouse as /devices/platform/i8042/serio1/input/input5
Jan 25 16:26:41 rcaraway kernel: [    1.022359] md: Waiting for all devices to be available before autodetect
Jan 25 16:26:41 rcaraway kernel: [    1.022364] md: If you don't use raid, use raid=noautodetect
Jan 25 16:26:41 rcaraway kernel: [    1.022426] md: Autodetecting RAID arrays.
Jan 25 16:26:41 rcaraway kernel: [    1.022429] md: autorun ...
Jan 25 16:26:41 rcaraway kernel: [    1.022431] md: ... autorun DONE.
Jan 25 16:26:41 rcaraway kernel: [    1.041951] EXT4-fs (sda3): mounted filesystem with ordered data mode. Opts: (null). Quota mode: none.
Jan 25 16:26:41 rcaraway kernel: [    1.041974] VFS: Mounted root (ext4 filesystem) readonly on device 8:3.
Jan 25 16:26:41 rcaraway kernel: [    1.052207] devtmpfs: mounted
Jan 25 16:26:41 rcaraway kernel: [    1.053963] Freeing unused kernel image (initmem) memory: 1368K
Jan 25 16:26:41 rcaraway kernel: [    1.054095] Write protecting the kernel read-only data: 20480k
Jan 25 16:26:41 rcaraway kernel: [    1.054911] Freeing unused kernel image (text/rodata gap) memory: 2032K
Jan 25 16:26:41 rcaraway kernel: [    1.055375] Freeing unused kernel image (rodata/data gap) memory: 584K
Jan 25 16:26:41 rcaraway kernel: [    1.055477] Run /sbin/init as init process
Jan 25 16:26:41 rcaraway kernel: [    1.055481]   with arguments:
Jan 25 16:26:41 rcaraway kernel: [    1.055482]     /sbin/init
Jan 25 16:26:41 rcaraway kernel: [    1.055484]   with environment:
Jan 25 16:26:41 rcaraway kernel: [    1.055485]     HOME=/
Jan 25 16:26:41 rcaraway kernel: [    1.055486]     TERM=linux
Jan 25 16:26:41 rcaraway kernel: [    1.055501]     BOOT_IMAGE=(hd0,1)/vmlinuz-5.13.12-rcaraway.0
Jan 25 16:26:41 rcaraway kernel: [    1.093705] random: fast init done
Jan 25 16:26:41 rcaraway kernel: [    1.098774] usb 1-1: new full-speed USB device number 2 using ohci-pci
Jan 25 16:26:41 rcaraway kernel: [    1.352026] usb 1-1: New USB device found, idVendor=80ee, idProduct=0021, bcdDevice= 1.00
Jan 25 16:26:41 rcaraway kernel: [    1.352040] usb 1-1: New USB device strings: Mfr=1, Product=3, SerialNumber=0
Jan 25 16:26:41 rcaraway kernel: [    1.352098] usb 1-1: Product: USB Tablet
Jan 25 16:26:41 rcaraway kernel: [    1.352102] usb 1-1: Manufacturer: VirtualBox
Jan 25 16:26:41 rcaraway kernel: [    1.364638] input: VirtualBox USB Tablet as /devices/pci0000:00/0000:00:06.0/usb1/1-1/1-1:1.0/0003:80EE:0021.0001/input/input6
Jan 25 16:26:41 rcaraway kernel: [    1.364962] hid-generic 0003:80EE:0021.0001: input,hidraw0: USB HID v1.10 Mouse [VirtualBox USB Tablet] on usb-0000:00:06.0-1/input0
Jan 25 16:26:41 rcaraway kernel: [    1.367903] tsc: Refined TSC clocksource calibration: 3408.000 MHz
Jan 25 16:26:41 rcaraway kernel: [    1.367926] clocksource: tsc: mask: 0xffffffffffffffff max_cycles: 0x311fd3cd494, max_idle_ns: 440795223879 ns
Jan 25 16:26:41 rcaraway kernel: [    1.373370] clocksource: Switched to clocksource tsc
Jan 25 16:26:41 rcaraway kernel: [    1.509607] stty (95) used greatest stack depth: 13864 bytes left
Jan 25 16:26:41 rcaraway kernel: [    1.568811] rc (97) used greatest stack depth: 13816 bytes left
Jan 25 16:26:41 rcaraway kernel: [    1.787115] mountpoint (120) used greatest stack depth: 13608 bytes left
Jan 25 16:26:41 rcaraway kernel: [    1.801232] random: crng init done
Jan 25 16:26:41 rcaraway kernel: [    1.910613] ip (147) used greatest stack depth: 12304 bytes left
Jan 25 16:26:41 rcaraway kernel: <30>[    2.002377] udevd[172]: starting version 3.2.10
Jan 25 16:26:41 rcaraway kernel: <30>[    2.110164] udevd[173]: starting eudev-3.2.10
Jan 25 16:26:41 rcaraway kernel: [    2.302522] e1000 0000:00:03.0 enp0s3: renamed from eth0
Jan 25 16:26:41 rcaraway kernel: [    4.130726] Adding 2097148k swap on /dev/sda2.  Priority:1 extents:1 across:2097148k 
Jan 25 16:26:41 rcaraway kernel: [    4.147853] EXT4-fs (sda3): re-mounted. Opts: (null). Quota mode: none.
Jan 25 16:26:41 rcaraway kernel: [    4.257466] EXT4-fs (sda3): re-mounted. Opts: (null). Quota mode: none.
Jan 25 16:26:41 rcaraway kernel: [    5.999328] hrtimer: interrupt took 4535345 ns
Jan 25 16:41:55 rcaraway kernel: klogd 1.5.1, log source = /proc/kmsg started.
Jan 25 16:41:55 rcaraway kernel: Cannot find map file.
Jan 25 16:41:55 rcaraway kernel: Loaded 55684 symbols from 1 module.
Jan 25 16:41:55 rcaraway kernel: [    0.000000] Linux version 5.13.12-rcaraway (root@manjaro) (gcc (GCC) 11.2.0, GNU ld (GNU Binutils) 2.37) #1 SMP Tue Jan 25 14:58:18 MSK 2022
Jan 25 16:41:55 rcaraway kernel: [    0.000000] Command line: BOOT_IMAGE=(hd0,1)/vmlinuz-5.13.12-rcaraway.0 root=/dev/sda3 ro
Jan 25 16:41:55 rcaraway kernel: [    0.000000] x86/fpu: Supporting XSAVE feature 0x001: 'x87 floating point registers'
Jan 25 16:41:55 rcaraway kernel: [    0.000000] x86/fpu: Supporting XSAVE feature 0x002: 'SSE registers'
Jan 25 16:41:55 rcaraway kernel: [    0.000000] x86/fpu: Supporting XSAVE feature 0x004: 'AVX registers'
Jan 25 16:41:55 rcaraway kernel: [    0.000000] x86/fpu: xstate_offset[2]:  576, xstate_sizes[2]:  256
Jan 25 16:41:55 rcaraway kernel: [    0.000000] x86/fpu: Enabled xstate features 0x7, context size is 832 bytes, using 'standard' format.
Jan 25 16:41:55 rcaraway kernel: [    0.000000] BIOS-provided physical RAM map:
Jan 25 16:41:55 rcaraway kernel: [    0.000000] BIOS-e820: [mem 0x0000000000000000-0x000000000009fbff] usable
Jan 25 16:41:55 rcaraway kernel: [    0.000000] BIOS-e820: [mem 0x000000000009fc00-0x000000000009ffff] reserved
Jan 25 16:41:55 rcaraway kernel: [    0.000000] BIOS-e820: [mem 0x00000000000f0000-0x00000000000fffff] reserved
Jan 25 16:41:55 rcaraway kernel: [    0.000000] BIOS-e820: [mem 0x0000000000100000-0x00000000dffeffff] usable
Jan 25 16:41:55 rcaraway kernel: [    0.000000] BIOS-e820: [mem 0x00000000dfff0000-0x00000000dfffffff] ACPI data
Jan 25 16:41:55 rcaraway kernel: [    0.000000] BIOS-e820: [mem 0x00000000fec00000-0x00000000fec00fff] reserved
Jan 25 16:41:55 rcaraway kernel: [    0.000000] BIOS-e820: [mem 0x00000000fee00000-0x00000000fee00fff] reserved
Jan 25 16:41:55 rcaraway kernel: [    0.000000] BIOS-e820: [mem 0x00000000fffc0000-0x00000000ffffffff] reserved
Jan 25 16:41:55 rcaraway kernel: [    0.000000] BIOS-e820: [mem 0x0000000100000000-0x000000011fffffff] usable
Jan 25 16:41:55 rcaraway kernel: [    0.000000] NX (Execute Disable) protection: active
Jan 25 16:41:55 rcaraway kernel: [    0.000000] SMBIOS 2.5 present.
Jan 25 16:41:55 rcaraway kernel: [    0.000000] DMI: innotek GmbH VirtualBox/VirtualBox, BIOS VirtualBox 12/01/2006
Jan 25 16:41:55 rcaraway kernel: [    0.000000] tsc: Fast TSC calibration failed
Jan 25 16:41:55 rcaraway kernel: [    0.000000] e820: update [mem 0x00000000-0x00000fff] usable ==> reserved
Jan 25 16:41:55 rcaraway kernel: [    0.000000] e820: remove [mem 0x000a0000-0x000fffff] usable
Jan 25 16:41:55 rcaraway kernel: [    0.000000] last_pfn = 0x120000 max_arch_pfn = 0x400000000
Jan 25 16:41:55 rcaraway kernel: [    0.000000] Disabled
Jan 25 16:41:55 rcaraway kernel: [    0.000000] x86/PAT: MTRRs disabled, skipping PAT initialization too.
Jan 25 16:41:55 rcaraway kernel: [    0.000000] CPU MTRRs all blank - virtualized system.
Jan 25 16:41:55 rcaraway kernel: [    0.000000] x86/PAT: Configuration [0-7]: WB  WT  UC- UC  WB  WT  UC- UC  
Jan 25 16:41:55 rcaraway kernel: [    0.000000] last_pfn = 0xdfff0 max_arch_pfn = 0x400000000
Jan 25 16:41:55 rcaraway kernel: [    0.000000] found SMP MP-table at [mem 0x0009fff0-0x0009ffff]
Jan 25 16:41:55 rcaraway kernel: [    0.000000] ACPI: Early table checksum verification disabled
Jan 25 16:41:55 rcaraway kernel: [    0.000000] ACPI: RSDP 0x00000000000E0000 000024 (v02 VBOX  )
Jan 25 16:41:55 rcaraway kernel: [    0.000000] ACPI: XSDT 0x00000000DFFF0030 00003C (v01 VBOX   VBOXXSDT 00000001 ASL  00000061)
Jan 25 16:41:55 rcaraway kernel: [    0.000000] ACPI: FACP 0x00000000DFFF00F0 0000F4 (v04 VBOX   VBOXFACP 00000001 ASL  00000061)
Jan 25 16:41:55 rcaraway kernel: [    0.000000] ACPI: DSDT 0x00000000DFFF0480 002325 (v02 VBOX   VBOXBIOS 00000002 INTL 20120111)
Jan 25 16:41:55 rcaraway kernel: [    0.000000] ACPI: FACS 0x00000000DFFF0200 000040
Jan 25 16:41:55 rcaraway kernel: [    0.000000] ACPI: FACS 0x00000000DFFF0200 000040
Jan 25 16:41:55 rcaraway kernel: [    0.000000] ACPI: APIC 0x00000000DFFF0240 00006C (v02 VBOX   VBOXAPIC 00000001 ASL  00000061)
Jan 25 16:41:55 rcaraway kernel: [    0.000000] ACPI: SSDT 0x00000000DFFF02B0 0001CC (v01 VBOX   VBOXCPUT 00000002 INTL 20120111)
Jan 25 16:41:55 rcaraway kernel: [    0.000000] ACPI: Reserving FACP table memory at [mem 0xdfff00f0-0xdfff01e3]
Jan 25 16:41:55 rcaraway kernel: [    0.000000] ACPI: Reserving DSDT table memory at [mem 0xdfff0480-0xdfff27a4]
Jan 25 16:41:55 rcaraway kernel: [    0.000000] ACPI: Reserving FACS table memory at [mem 0xdfff0200-0xdfff023f]
Jan 25 16:41:55 rcaraway kernel: [    0.000000] ACPI: Reserving FACS table memory at [mem 0xdfff0200-0xdfff023f]
Jan 25 16:41:55 rcaraway kernel: [    0.000000] ACPI: Reserving APIC table memory at [mem 0xdfff0240-0xdfff02ab]
Jan 25 16:41:55 rcaraway kernel: [    0.000000] ACPI: Reserving SSDT table memory at [mem 0xdfff02b0-0xdfff047b]
Jan 25 16:41:55 rcaraway kernel: [    0.000000] ACPI: Local APIC address 0xfee00000
Jan 25 16:41:55 rcaraway kernel: [    0.000000] No NUMA configuration found
Jan 25 16:41:55 rcaraway kernel: [    0.000000] Faking a node at [mem 0x0000000000000000-0x000000011fffffff]
Jan 25 16:41:55 rcaraway kernel: [    0.000000] NODE_DATA(0) allocated [mem 0x11fff8000-0x11fffbfff]
Jan 25 16:41:55 rcaraway kernel: [    0.000000] Zone ranges:
Jan 25 16:41:55 rcaraway kernel: [    0.000000]   DMA      [mem 0x0000000000001000-0x0000000000ffffff]
Jan 25 16:41:55 rcaraway kernel: [    0.000000]   DMA32    [mem 0x0000000001000000-0x00000000ffffffff]
Jan 25 16:41:55 rcaraway kernel: [    0.000000]   Normal   [mem 0x0000000100000000-0x000000011fffffff]
Jan 25 16:41:55 rcaraway kernel: [    0.000000] Movable zone start for each node
Jan 25 16:41:55 rcaraway kernel: [    0.000000] Early memory node ranges
Jan 25 16:41:55 rcaraway kernel: [    0.000000]   node   0: [mem 0x0000000000001000-0x000000000009efff]
Jan 25 16:41:55 rcaraway kernel: [    0.000000]   node   0: [mem 0x0000000000100000-0x00000000dffeffff]
Jan 25 16:41:55 rcaraway kernel: [    0.000000]   node   0: [mem 0x0000000100000000-0x000000011fffffff]
Jan 25 16:41:55 rcaraway kernel: [    0.000000] Initmem setup node 0 [mem 0x0000000000001000-0x000000011fffffff]
Jan 25 16:41:55 rcaraway kernel: [    0.000000] On node 0 totalpages: 1048462
Jan 25 16:41:55 rcaraway kernel: [    0.000000]   DMA zone: 64 pages used for memmap
Jan 25 16:41:55 rcaraway kernel: [    0.000000]   DMA zone: 158 pages reserved
Jan 25 16:41:55 rcaraway kernel: [    0.000000]   DMA zone: 3998 pages, LIFO batch:0
Jan 25 16:41:55 rcaraway kernel: [    0.000000]   DMA32 zone: 14272 pages used for memmap
Jan 25 16:41:55 rcaraway kernel: [    0.000000]   DMA32 zone: 913392 pages, LIFO batch:63
Jan 25 16:41:55 rcaraway kernel: [    0.000000]   Normal zone: 2048 pages used for memmap
Jan 25 16:41:55 rcaraway kernel: [    0.000000]   Normal zone: 131072 pages, LIFO batch:31
Jan 25 16:41:55 rcaraway kernel: [    0.000000] On node 0, zone DMA: 1 pages in unavailable ranges
Jan 25 16:41:55 rcaraway kernel: [    0.000000] On node 0, zone DMA: 97 pages in unavailable ranges
Jan 25 16:41:55 rcaraway kernel: [    0.000000] On node 0, zone Normal: 16 pages in unavailable ranges
Jan 25 16:41:55 rcaraway kernel: [    0.000000] ACPI: PM-Timer IO Port: 0x4008
Jan 25 16:41:55 rcaraway kernel: [    0.000000] ACPI: Local APIC address 0xfee00000
Jan 25 16:41:55 rcaraway kernel: [    0.000000] IOAPIC[0]: apic_id 4, version 32, address 0xfec00000, GSI 0-23
Jan 25 16:41:55 rcaraway kernel: [    0.000000] ACPI: INT_SRC_OVR (bus 0 bus_irq 0 global_irq 2 dfl dfl)
Jan 25 16:41:55 rcaraway kernel: [    0.000000] ACPI: INT_SRC_OVR (bus 0 bus_irq 9 global_irq 9 low level)
Jan 25 16:41:55 rcaraway kernel: [    0.000000] ACPI: IRQ0 used by override.
Jan 25 16:41:55 rcaraway kernel: [    0.000000] ACPI: IRQ9 used by override.
Jan 25 16:41:55 rcaraway kernel: [    0.000000] Using ACPI (MADT) for SMP configuration information
Jan 25 16:41:55 rcaraway kernel: [    0.000000] smpboot: Allowing 4 CPUs, 0 hotplug CPUs
Jan 25 16:41:55 rcaraway kernel: [    0.000000] PM: hibernation: Registered nosave memory: [mem 0x00000000-0x00000fff]
Jan 25 16:41:55 rcaraway kernel: [    0.000000] PM: hibernation: Registered nosave memory: [mem 0x0009f000-0x0009ffff]
Jan 25 16:41:55 rcaraway kernel: [    0.000000] PM: hibernation: Registered nosave memory: [mem 0x000a0000-0x000effff]
Jan 25 16:41:55 rcaraway kernel: [    0.000000] PM: hibernation: Registered nosave memory: [mem 0x000f0000-0x000fffff]
Jan 25 16:41:55 rcaraway kernel: [    0.000000] PM: hibernation: Registered nosave memory: [mem 0xdfff0000-0xdfffffff]
Jan 25 16:41:55 rcaraway kernel: [    0.000000] PM: hibernation: Registered nosave memory: [mem 0xe0000000-0xfebfffff]
Jan 25 16:41:55 rcaraway kernel: [    0.000000] PM: hibernation: Registered nosave memory: [mem 0xfec00000-0xfec00fff]
Jan 25 16:41:55 rcaraway kernel: [    0.000000] PM: hibernation: Registered nosave memory: [mem 0xfec01000-0xfedfffff]
Jan 25 16:41:55 rcaraway kernel: [    0.000000] PM: hibernation: Registered nosave memory: [mem 0xfee00000-0xfee00fff]
Jan 25 16:41:55 rcaraway kernel: [    0.000000] PM: hibernation: Registered nosave memory: [mem 0xfee01000-0xfffbffff]
Jan 25 16:41:55 rcaraway kernel: [    0.000000] PM: hibernation: Registered nosave memory: [mem 0xfffc0000-0xffffffff]
Jan 25 16:41:55 rcaraway kernel: [    0.000000] [mem 0xe0000000-0xfebfffff] available for PCI devices
Jan 25 16:41:55 rcaraway kernel: [    0.000000] clocksource: refined-jiffies: mask: 0xffffffff max_cycles: 0xffffffff, max_idle_ns: 1910969940391419 ns
Jan 25 16:41:55 rcaraway kernel: [    0.000000] setup_percpu: NR_CPUS:64 nr_cpumask_bits:64 nr_cpu_ids:4 nr_node_ids:1
Jan 25 16:41:55 rcaraway kernel: [    0.000000] percpu: Embedded 52 pages/cpu s174104 r8192 d30696 u524288
Jan 25 16:41:55 rcaraway kernel: [    0.000000] pcpu-alloc: s174104 r8192 d30696 u524288 alloc=1*2097152
Jan 25 16:41:55 rcaraway kernel: [    0.000000] pcpu-alloc: [0] 0 1 2 3 
Jan 25 16:41:55 rcaraway kernel: [    0.000000] Built 1 zonelists, mobility grouping on.  Total pages: 1031920
Jan 25 16:41:55 rcaraway kernel: [    0.000000] Policy zone: Normal
Jan 25 16:41:55 rcaraway kernel: [    0.000000] Kernel command line: BOOT_IMAGE=(hd0,1)/vmlinuz-5.13.12-rcaraway.0 root=/dev/sda3 ro
Jan 25 16:41:55 rcaraway kernel: [    0.000000] Dentry cache hash table entries: 524288 (order: 10, 4194304 bytes, linear)
Jan 25 16:41:55 rcaraway kernel: [    0.000000] Inode-cache hash table entries: 262144 (order: 9, 2097152 bytes, linear)
Jan 25 16:41:55 rcaraway kernel: [    0.000000] mem auto-init: stack:off, heap alloc:off, heap free:off
Jan 25 16:41:55 rcaraway kernel: [    0.000000] Memory: 4023268K/4193848K available (14349K kernel code, 2559K rwdata, 3512K rodata, 1368K init, 1560K bss, 170320K reserved, 0K cma-reserved)
Jan 25 16:41:55 rcaraway kernel: [    0.000000] SLUB: HWalign=64, Order=0-3, MinObjects=0, CPUs=4, Nodes=1
Jan 25 16:41:55 rcaraway kernel: [    0.000000] Kernel/User page tables isolation: enabled
Jan 25 16:41:55 rcaraway kernel: [    0.000000] rcu: Hierarchical RCU implementation.
Jan 25 16:41:55 rcaraway kernel: [    0.000000] rcu: ^IRCU event tracing is enabled.
Jan 25 16:41:55 rcaraway kernel: [    0.000000] rcu: ^IRCU restricting CPUs from NR_CPUS=64 to nr_cpu_ids=4.
Jan 25 16:41:55 rcaraway kernel: [    0.000000] rcu: RCU calculated value of scheduler-enlistment delay is 100 jiffies.
Jan 25 16:41:55 rcaraway kernel: [    0.000000] rcu: Adjusting geometry for rcu_fanout_leaf=16, nr_cpu_ids=4
Jan 25 16:41:55 rcaraway kernel: [    0.000000] NR_IRQS: 4352, nr_irqs: 456, preallocated irqs: 16
Jan 25 16:41:55 rcaraway kernel: [    0.000000] random: get_random_bytes called from start_kernel+0x373/0x53e with crng_init=0
Jan 25 16:41:55 rcaraway kernel: [    0.000000] Console: colour dummy device 80x25
Jan 25 16:41:55 rcaraway kernel: [    0.000000] printk: console [tty0] enabled
Jan 25 16:41:55 rcaraway kernel: [    0.000000] ACPI: Core revision 20210331
Jan 25 16:41:55 rcaraway kernel: [    0.000000] APIC: Switch to symmetric I/O mode setup
Jan 25 16:41:55 rcaraway kernel: [    0.000000] ..TIMER: vector=0x30 apic1=0 pin1=2 apic2=-1 pin2=-1
Jan 25 16:41:55 rcaraway kernel: [    0.008000] tsc: Unable to calibrate against PIT
Jan 25 16:41:55 rcaraway kernel: [    0.008000] tsc: using PMTIMER reference calibration
Jan 25 16:41:55 rcaraway kernel: [    0.008000] tsc: Detected 3407.915 MHz processor
Jan 25 16:41:55 rcaraway kernel: [    0.000004] clocksource: tsc-early: mask: 0xffffffffffffffff max_cycles: 0x311f83ad9a2, max_idle_ns: 440795319951 ns
Jan 25 16:41:55 rcaraway kernel: [    0.000012] Calibrating delay loop (skipped), value calculated using timer frequency.. 6815.83 BogoMIPS (lpj=3407915)
Jan 25 16:41:55 rcaraway kernel: [    0.000017] pid_max: default: 32768 minimum: 301
Jan 25 16:41:55 rcaraway kernel: [    0.000034] LSM: Security Framework initializing
Jan 25 16:41:55 rcaraway kernel: [    0.000041] SELinux:  Initializing.
Jan 25 16:41:55 rcaraway kernel: [    0.000060] Mount-cache hash table entries: 8192 (order: 4, 65536 bytes, linear)
Jan 25 16:41:55 rcaraway kernel: [    0.000067] Mountpoint-cache hash table entries: 8192 (order: 4, 65536 bytes, linear)
Jan 25 16:41:55 rcaraway kernel: [    0.000285] Last level iTLB entries: 4KB 128, 2MB 8, 4MB 8
Jan 25 16:41:55 rcaraway kernel: [    0.000289] Last level dTLB entries: 4KB 64, 2MB 0, 4MB 0, 1GB 4
Jan 25 16:41:55 rcaraway kernel: [    0.000292] Spectre V1 : Mitigation: usercopy/swapgs barriers and __user pointer sanitization
Jan 25 16:41:55 rcaraway kernel: [    0.000296] Spectre V2 : Mitigation: Full generic retpoline
Jan 25 16:41:55 rcaraway kernel: [    0.000298] Spectre V2 : Spectre v2 / SpectreRSB mitigation: Filling RSB on context switch
Jan 25 16:41:55 rcaraway kernel: [    0.000300] Speculative Store Bypass: Vulnerable
Jan 25 16:41:55 rcaraway kernel: [    0.000304] SRBDS: Unknown: Dependent on hypervisor status
Jan 25 16:41:55 rcaraway kernel: [    0.000306] MDS: Mitigation: Clear CPU buffers
Jan 25 16:41:55 rcaraway kernel: [    0.001783] Freeing SMP alternatives memory: 40K
Jan 25 16:41:55 rcaraway kernel: [    0.104010] smpboot: CPU0: Intel(R) Core(TM) i5-7500 CPU @ 3.40GHz (family: 0x6, model: 0x9e, stepping: 0x9)
Jan 25 16:41:55 rcaraway kernel: [    0.104010] Performance Events: unsupported p6 CPU model 158 no PMU driver, software events only.
Jan 25 16:41:55 rcaraway kernel: [    0.104010] rcu: Hierarchical SRCU implementation.
Jan 25 16:41:55 rcaraway kernel: [    0.104010] smp: Bringing up secondary CPUs ...
Jan 25 16:41:55 rcaraway kernel: [    0.104010] x86: Booting SMP configuration:
Jan 25 16:41:55 rcaraway kernel: [    0.104010] .... node  #0, CPUs:      #1 #2 #3
Jan 25 16:41:55 rcaraway kernel: [    0.112133] smp: Brought up 1 node, 4 CPUs
Jan 25 16:41:55 rcaraway kernel: [    0.112140] smpboot: Max logical packages: 1
Jan 25 16:41:55 rcaraway kernel: [    0.112143] smpboot: Total of 4 processors activated (27263.32 BogoMIPS)
Jan 25 16:41:55 rcaraway kernel: [    0.112363] devtmpfs: initialized
Jan 25 16:41:55 rcaraway kernel: [    0.113080] clocksource: jiffies: mask: 0xffffffff max_cycles: 0xffffffff, max_idle_ns: 1911260446275000 ns
Jan 25 16:41:55 rcaraway kernel: [    0.113083] futex hash table entries: 1024 (order: 4, 65536 bytes, linear)
Jan 25 16:41:55 rcaraway kernel: [    0.113139] PM: RTC time: 13:41:49, date: 2022-01-25
Jan 25 16:41:55 rcaraway kernel: [    0.113450] NET: Registered protocol family 16
Jan 25 16:41:55 rcaraway kernel: [    0.113504] audit: initializing netlink subsys (disabled)
Jan 25 16:41:55 rcaraway kernel: [    0.113517] audit: type=2000 audit(1643118109.121:1): state=initialized audit_enabled=0 res=1
Jan 25 16:41:55 rcaraway kernel: [    0.113517] thermal_sys: Registered thermal governor 'step_wise'
Jan 25 16:41:55 rcaraway kernel: [    0.113517] thermal_sys: Registered thermal governor 'user_space'
Jan 25 16:41:55 rcaraway kernel: [    0.114078] cpuidle: using governor menu
Jan 25 16:41:55 rcaraway kernel: [    0.114108] ACPI: bus type PCI registered
Jan 25 16:41:55 rcaraway kernel: [    0.114198] PCI: Using configuration type 1 for base access
Jan 25 16:41:55 rcaraway kernel: [    0.116053] Kprobes globally optimized
Jan 25 16:41:55 rcaraway kernel: [    0.116089] HugeTLB registered 2.00 MiB page size, pre-allocated 0 pages
Jan 25 16:41:55 rcaraway kernel: [    0.116118] cryptomgr_test (36) used greatest stack depth: 15232 bytes left
Jan 25 16:41:55 rcaraway kernel: [    0.121060] ACPI: Added _OSI(Module Device)
Jan 25 16:41:55 rcaraway kernel: [    0.121066] ACPI: Added _OSI(Processor Device)
Jan 25 16:41:55 rcaraway kernel: [    0.121068] ACPI: Added _OSI(3.0 _SCP Extensions)
Jan 25 16:41:55 rcaraway kernel: [    0.121071] ACPI: Added _OSI(Processor Aggregator Device)
Jan 25 16:41:55 rcaraway kernel: [    0.121071] ACPI: Added _OSI(Linux-Dell-Video)
Jan 25 16:41:55 rcaraway kernel: [    0.121158] ACPI: Added _OSI(Linux-Lenovo-NV-HDMI-Audio)
Jan 25 16:41:55 rcaraway kernel: [    0.121162] ACPI: Added _OSI(Linux-HPI-Hybrid-Graphics)
Jan 25 16:41:55 rcaraway kernel: [    0.122732] ACPI: 2 ACPI AML tables successfully acquired and loaded
Jan 25 16:41:55 rcaraway kernel: [    0.123915] ACPI: Interpreter enabled
Jan 25 16:41:55 rcaraway kernel: [    0.124026] ACPI: (supports S0 S5)
Jan 25 16:41:55 rcaraway kernel: [    0.124029] ACPI: Using IOAPIC for interrupt routing
Jan 25 16:41:55 rcaraway kernel: [    0.124191] PCI: Using host bridge windows from ACPI; if necessary, use "pci=nocrs" and report a bug
Jan 25 16:41:55 rcaraway kernel: [    0.124290] ACPI: Enabled 2 GPEs in block 00 to 07
Jan 25 16:41:55 rcaraway kernel: [    0.128233] ACPI: PCI Root Bridge [PCI0] (domain 0000 [bus 00-ff])
Jan 25 16:41:55 rcaraway kernel: [    0.128241] acpi PNP0A03:00: _OSC: OS supports [ASPM ClockPM Segments MSI HPX-Type3]
Jan 25 16:41:55 rcaraway kernel: [    0.128431] acpi PNP0A03:00: _OSC: not requesting OS control; OS requires [ExtendedConfig ASPM ClockPM MSI]
Jan 25 16:41:55 rcaraway kernel: [    0.128438] acpi PNP0A03:00: fail to add MMCONFIG information, can't access extended PCI configuration space under this bridge.
Jan 25 16:41:55 rcaraway kernel: [    0.128528] PCI host bridge to bus 0000:00
Jan 25 16:41:55 rcaraway kernel: [    0.128532] pci_bus 0000:00: root bus resource [io  0x0000-0x0cf7 window]
Jan 25 16:41:55 rcaraway kernel: [    0.128536] pci_bus 0000:00: root bus resource [io  0x0d00-0xffff window]
Jan 25 16:41:55 rcaraway kernel: [    0.128539] pci_bus 0000:00: root bus resource [mem 0x000a0000-0x000bffff window]
Jan 25 16:41:55 rcaraway kernel: [    0.128542] pci_bus 0000:00: root bus resource [mem 0xe0000000-0xfdffffff window]
Jan 25 16:41:55 rcaraway kernel: [    0.128546] pci_bus 0000:00: root bus resource [bus 00-ff]
Jan 25 16:41:55 rcaraway kernel: [    0.128609] pci 0000:00:00.0: [8086:1237] type 00 class 0x060000
Jan 25 16:41:55 rcaraway kernel: [    0.129599] pci 0000:00:01.0: [8086:7000] type 00 class 0x060100
Jan 25 16:41:55 rcaraway kernel: [    0.130772] pci 0000:00:01.1: [8086:7111] type 00 class 0x01018a
Jan 25 16:41:55 rcaraway kernel: [    0.131403] pci 0000:00:01.1: reg 0x20: [io  0xd000-0xd00f]
Jan 25 16:41:55 rcaraway kernel: [    0.131643] pci 0000:00:01.1: legacy IDE quirk: reg 0x10: [io  0x01f0-0x01f7]
Jan 25 16:41:55 rcaraway kernel: [    0.131647] pci 0000:00:01.1: legacy IDE quirk: reg 0x14: [io  0x03f6]
Jan 25 16:41:55 rcaraway kernel: [    0.131649] pci 0000:00:01.1: legacy IDE quirk: reg 0x18: [io  0x0170-0x0177]
Jan 25 16:41:55 rcaraway kernel: [    0.131652] pci 0000:00:01.1: legacy IDE quirk: reg 0x1c: [io  0x0376]
Jan 25 16:41:55 rcaraway kernel: [    0.132057] pci 0000:00:02.0: [15ad:0405] type 00 class 0x030000
Jan 25 16:41:55 rcaraway kernel: [    0.134535] pci 0000:00:02.0: reg 0x10: [io  0xd010-0xd01f]
Jan 25 16:41:55 rcaraway kernel: [    0.136031] pci 0000:00:02.0: reg 0x14: [mem 0xe0000000-0xe0ffffff pref]
Jan 25 16:41:55 rcaraway kernel: [    0.138287] pci 0000:00:02.0: reg 0x18: [mem 0xf0000000-0xf01fffff]
Jan 25 16:41:55 rcaraway kernel: [    0.147517] pci 0000:00:03.0: [8086:100e] type 00 class 0x020000
Jan 25 16:41:55 rcaraway kernel: [    0.149128] pci 0000:00:03.0: reg 0x10: [mem 0xf0200000-0xf021ffff]
Jan 25 16:41:55 rcaraway kernel: [    0.152145] pci 0000:00:03.0: reg 0x18: [io  0xd020-0xd027]
Jan 25 16:41:55 rcaraway kernel: [    0.161417] pci 0000:00:04.0: [80ee:cafe] type 00 class 0x088000
Jan 25 16:41:55 rcaraway kernel: [    0.163127] pci 0000:00:04.0: reg 0x10: [io  0xd040-0xd05f]
Jan 25 16:41:55 rcaraway kernel: [    0.164119] pci 0000:00:04.0: reg 0x14: [mem 0xf0400000-0xf07fffff]
Jan 25 16:41:55 rcaraway kernel: [    0.165131] pci 0000:00:04.0: reg 0x18: [mem 0xf0800000-0xf0803fff pref]
Jan 25 16:41:55 rcaraway kernel: [    0.176124] pci 0000:00:05.0: [8086:2415] type 00 class 0x040100
Jan 25 16:41:55 rcaraway kernel: [    0.176334] pci 0000:00:05.0: reg 0x10: [io  0xd100-0xd1ff]
Jan 25 16:41:55 rcaraway kernel: [    0.176447] pci 0000:00:05.0: reg 0x14: [io  0xd200-0xd23f]
Jan 25 16:41:55 rcaraway kernel: [    0.177678] pci 0000:00:06.0: [106b:003f] type 00 class 0x0c0310
Jan 25 16:41:55 rcaraway kernel: [    0.178120] pci 0000:00:06.0: reg 0x10: [mem 0xf0804000-0xf0804fff]
Jan 25 16:41:55 rcaraway kernel: [    0.189746] pci 0000:00:07.0: [8086:7113] type 00 class 0x068000
Jan 25 16:41:55 rcaraway kernel: [    0.190791] pci 0000:00:07.0: quirk: [io  0x4000-0x403f] claimed by PIIX4 ACPI
Jan 25 16:41:55 rcaraway kernel: [    0.190810] pci 0000:00:07.0: quirk: [io  0x4100-0x410f] claimed by PIIX4 SMB
Jan 25 16:41:55 rcaraway kernel: [    0.192286] ACPI: PCI: Interrupt link LNKA configured for IRQ 11
Jan 25 16:41:55 rcaraway kernel: [    0.192425] ACPI: PCI: Interrupt link LNKB configured for IRQ 10
Jan 25 16:41:55 rcaraway kernel: [    0.192575] ACPI: PCI: Interrupt link LNKC configured for IRQ 9
Jan 25 16:41:55 rcaraway kernel: [    0.192665] ACPI: PCI: Interrupt link LNKD configured for IRQ 11
Jan 25 16:41:55 rcaraway kernel: [    0.192799] iommu: Default domain type: Translated 
Jan 25 16:41:55 rcaraway kernel: [    0.193104] pci 0000:00:02.0: vgaarb: setting as boot VGA device
Jan 25 16:41:55 rcaraway kernel: [    0.193109] pci 0000:00:02.0: vgaarb: VGA device added: decodes=io+mem,owns=io+mem,locks=none
Jan 25 16:41:55 rcaraway kernel: [    0.193192] pci 0000:00:02.0: vgaarb: bridge control possible
Jan 25 16:41:55 rcaraway kernel: [    0.193195] vgaarb: loaded
Jan 25 16:41:55 rcaraway kernel: [    0.193278] SCSI subsystem initialized
Jan 25 16:41:55 rcaraway kernel: [    0.193336] libata version 3.00 loaded.
Jan 25 16:41:55 rcaraway kernel: [    0.193336] ACPI: bus type USB registered
Jan 25 16:41:55 rcaraway kernel: [    0.193336] usbcore: registered new interface driver usbfs
Jan 25 16:41:55 rcaraway kernel: [    0.193336] usbcore: registered new interface driver hub
Jan 25 16:41:55 rcaraway kernel: [    0.193336] usbcore: registered new device driver usb
Jan 25 16:41:55 rcaraway kernel: [    0.193336] pps_core: LinuxPPS API ver. 1 registered
Jan 25 16:41:55 rcaraway kernel: [    0.193336] pps_core: Software ver. 5.3.6 - Copyright 2005-2007 Rodolfo Giometti <giometti@linux.it>
Jan 25 16:41:55 rcaraway kernel: [    0.193336] PTP clock support registered
Jan 25 16:41:55 rcaraway kernel: [    0.194104] Advanced Linux Sound Architecture Driver Initialized.
Jan 25 16:41:55 rcaraway kernel: [    0.194208] NetLabel: Initializing
Jan 25 16:41:55 rcaraway kernel: [    0.194229] NetLabel:  domain hash size = 128
Jan 25 16:41:55 rcaraway kernel: [    0.194231] NetLabel:  protocols = UNLABELED CIPSOv4 CALIPSO
Jan 25 16:41:55 rcaraway kernel: [    0.194258] NetLabel:  unlabeled traffic allowed by default
Jan 25 16:41:55 rcaraway kernel: [    0.194280] PCI: Using ACPI for IRQ routing
Jan 25 16:41:55 rcaraway kernel: [    0.194280] PCI: pci_cache_line_size set to 64 bytes
Jan 25 16:41:55 rcaraway kernel: [    0.195158] e820: reserve RAM buffer [mem 0x0009fc00-0x0009ffff]
Jan 25 16:41:55 rcaraway kernel: [    0.195158] e820: reserve RAM buffer [mem 0xdfff0000-0xdfffffff]
Jan 25 16:41:55 rcaraway kernel: [    0.196025] clocksource: Switched to clocksource tsc-early
Jan 25 16:41:55 rcaraway kernel: [    0.208659] VFS: Disk quotas dquot_6.6.0
Jan 25 16:41:55 rcaraway kernel: [    0.208681] VFS: Dquot-cache hash table entries: 512 (order 0, 4096 bytes)
Jan 25 16:41:55 rcaraway kernel: [    0.254888] pnp: PnP ACPI init
Jan 25 16:41:55 rcaraway kernel: [    0.254966] pnp 00:00: Plug and Play ACPI device, IDs PNP0303 (active)
Jan 25 16:41:55 rcaraway kernel: [    0.255065] pnp 00:01: Plug and Play ACPI device, IDs PNP0f03 (active)
Jan 25 16:41:55 rcaraway kernel: [    0.256186] pnp: PnP ACPI: found 2 devices
Jan 25 16:41:55 rcaraway kernel: [    0.267973] clocksource: acpi_pm: mask: 0xffffff max_cycles: 0xffffff, max_idle_ns: 2085701024 ns
Jan 25 16:41:55 rcaraway kernel: [    0.268006] NET: Registered protocol family 2
Jan 25 16:41:55 rcaraway kernel: [    0.268051] IP idents hash table entries: 65536 (order: 7, 524288 bytes, linear)
Jan 25 16:41:55 rcaraway kernel: [    0.268505] tcp_listen_portaddr_hash hash table entries: 2048 (order: 3, 32768 bytes, linear)
Jan 25 16:41:55 rcaraway kernel: [    0.268514] TCP established hash table entries: 32768 (order: 6, 262144 bytes, linear)
Jan 25 16:41:55 rcaraway kernel: [    0.269512] TCP bind hash table entries: 32768 (order: 7, 524288 bytes, linear)
Jan 25 16:41:55 rcaraway kernel: [    0.269611] TCP: Hash tables configured (established 32768 bind 32768)
Jan 25 16:41:55 rcaraway kernel: [    0.269659] UDP hash table entries: 2048 (order: 4, 65536 bytes, linear)
Jan 25 16:41:55 rcaraway kernel: [    0.269669] UDP-Lite hash table entries: 2048 (order: 4, 65536 bytes, linear)
Jan 25 16:41:55 rcaraway kernel: [    0.269733] NET: Registered protocol family 1
Jan 25 16:41:55 rcaraway kernel: [    0.270300] RPC: Registered named UNIX socket transport module.
Jan 25 16:41:55 rcaraway kernel: [    0.270305] RPC: Registered udp transport module.
Jan 25 16:41:55 rcaraway kernel: [    0.270307] RPC: Registered tcp transport module.
Jan 25 16:41:55 rcaraway kernel: [    0.270310] RPC: Registered tcp NFSv4.1 backchannel transport module.
Jan 25 16:41:55 rcaraway kernel: [    0.270569] pci_bus 0000:00: resource 4 [io  0x0000-0x0cf7 window]
Jan 25 16:41:55 rcaraway kernel: [    0.270575] pci_bus 0000:00: resource 5 [io  0x0d00-0xffff window]
Jan 25 16:41:55 rcaraway kernel: [    0.270578] pci_bus 0000:00: resource 6 [mem 0x000a0000-0x000bffff window]
Jan 25 16:41:55 rcaraway kernel: [    0.270581] pci_bus 0000:00: resource 7 [mem 0xe0000000-0xfdffffff window]
Jan 25 16:41:55 rcaraway kernel: [    0.270622] pci 0000:00:00.0: Limiting direct PCI/PCI transfers
Jan 25 16:41:55 rcaraway kernel: [    0.270644] pci 0000:00:01.0: Activating ISA DMA hang workarounds
Jan 25 16:41:55 rcaraway kernel: [    0.270719] pci 0000:00:02.0: Video device with shadowed ROM at [mem 0x000c0000-0x000dffff]
Jan 25 16:41:55 rcaraway kernel: [    0.271776] PCI: CLS 0 bytes, default 64
Jan 25 16:41:55 rcaraway kernel: [    0.271890] PCI-DMA: Using software bounce buffering for IO (SWIOTLB)
Jan 25 16:41:55 rcaraway kernel: [    0.271896] software IO TLB: mapped [mem 0x00000000dbff0000-0x00000000dfff0000] (64MB)
Jan 25 16:41:55 rcaraway kernel: [    0.301581] RAPL PMU: API unit is 2^-32 Joules, 0 fixed counters, 10737418240 ms ovfl timer
Jan 25 16:41:55 rcaraway kernel: [    0.301617] platform rtc_cmos: registered platform RTC device (no PNP device found)
Jan 25 16:41:55 rcaraway kernel: [    0.303321] Initialise system trusted keyrings
Jan 25 16:41:55 rcaraway kernel: [    0.303493] workingset: timestamp_bits=56 max_order=20 bucket_order=0
Jan 25 16:41:55 rcaraway kernel: [    0.304756] NFS: Registering the id_resolver key type
Jan 25 16:41:55 rcaraway kernel: [    0.304771] Key type id_resolver registered
Jan 25 16:41:55 rcaraway kernel: [    0.304774] Key type id_legacy registered
Jan 25 16:41:55 rcaraway kernel: [    0.318609] Key type asymmetric registered
Jan 25 16:41:55 rcaraway kernel: [    0.318616] Asymmetric key parser 'x509' registered
Jan 25 16:41:55 rcaraway kernel: [    0.318630] Block layer SCSI generic (bsg) driver version 0.4 loaded (major 251)
Jan 25 16:41:55 rcaraway kernel: [    0.318634] io scheduler mq-deadline registered
Jan 25 16:41:55 rcaraway kernel: [    0.318637] io scheduler kyber registered
Jan 25 16:41:55 rcaraway kernel: [    0.319325] ACPI: AC: AC Adapter [AC] (on-line)
Jan 25 16:41:55 rcaraway kernel: [    0.320076] input: Power Button as /devices/LNXSYSTM:00/LNXPWRBN:00/input/input0
Jan 25 16:41:55 rcaraway kernel: [    0.320109] ACPI: button: Power Button [PWRF]
Jan 25 16:41:55 rcaraway kernel: [    0.320193] input: Sleep Button as /devices/LNXSYSTM:00/LNXSLPBN:00/input/input1
Jan 25 16:41:55 rcaraway kernel: [    0.320207] ACPI: button: Sleep Button [SLPF]
Jan 25 16:41:55 rcaraway kernel: [    0.320302] ACPI: video: Video Device [GFX0] (multi-head: yes  rom: no  post: no)
Jan 25 16:41:55 rcaraway kernel: [    0.320337] input: Video Bus as /devices/LNXSYSTM:00/LNXSYBUS:00/PNP0A03:00/LNXVIDEO:00/input/input2
Jan 25 16:41:55 rcaraway kernel: [    0.320738] Serial: 8250/16550 driver, 4 ports, IRQ sharing enabled
Jan 25 16:41:55 rcaraway kernel: [    0.321657] Non-volatile memory driver v1.3
Jan 25 16:41:55 rcaraway kernel: [    0.321739] Linux agpgart interface v0.103
Jan 25 16:41:55 rcaraway kernel: [    0.325641] loop: module loaded
Jan 25 16:41:55 rcaraway kernel: [    0.325696] ata_piix 0000:00:01.1: version 2.13
Jan 25 16:41:55 rcaraway kernel: [    0.326609] scsi host0: ata_piix
Jan 25 16:41:55 rcaraway kernel: [    0.327077] scsi host1: ata_piix
Jan 25 16:41:55 rcaraway kernel: [    0.327112] ata1: PATA max UDMA/33 cmd 0x1f0 ctl 0x3f6 bmdma 0xd000 irq 14
Jan 25 16:41:55 rcaraway kernel: [    0.327117] ata2: PATA max UDMA/33 cmd 0x170 ctl 0x376 bmdma 0xd008 irq 15
Jan 25 16:41:55 rcaraway kernel: [    0.327230] e100: Intel(R) PRO/100 Network Driver
Jan 25 16:41:55 rcaraway kernel: [    0.327233] e100: Copyright(c) 1999-2006 Intel Corporation
Jan 25 16:41:55 rcaraway kernel: [    0.327240] e1000: Intel(R) PRO/1000 Network Driver
Jan 25 16:41:55 rcaraway kernel: [    0.327243] e1000: Copyright (c) 1999-2006 Intel Corporation.
Jan 25 16:41:55 rcaraway kernel: [    0.497898] ata1.00: ATA-6: VBOX HARDDISK, 1.0, max UDMA/133
Jan 25 16:41:55 rcaraway kernel: [    0.497906] ata1.00: 62914560 sectors, multi 128: LBA 
Jan 25 16:41:55 rcaraway kernel: [    0.497912] ata1.01: ATAPI: VBOX CD-ROM, 1.0, max UDMA/133
Jan 25 16:41:55 rcaraway kernel: [    0.502900] scsi 0:0:0:0: Direct-Access     ATA      VBOX HARDDISK    1.0  PQ: 0 ANSI: 5
Jan 25 16:41:55 rcaraway kernel: [    0.503295] scsi 0:0:0:0: Attached scsi generic sg0 type 0
Jan 25 16:41:55 rcaraway kernel: [    0.503619] sd 0:0:0:0: [sda] 62914560 512-byte logical blocks: (32.2 GB/30.0 GiB)
Jan 25 16:41:55 rcaraway kernel: [    0.503639] sd 0:0:0:0: [sda] Write Protect is off
Jan 25 16:41:55 rcaraway kernel: [    0.503643] sd 0:0:0:0: [sda] Mode Sense: 00 3a 00 00
Jan 25 16:41:55 rcaraway kernel: [    0.503669] sd 0:0:0:0: [sda] Write cache: enabled, read cache: enabled, doesn't support DPO or FUA
Jan 25 16:41:55 rcaraway kernel: [    0.504472] scsi 0:0:1:0: CD-ROM            VBOX     CD-ROM           1.0  PQ: 0 ANSI: 5
Jan 25 16:41:55 rcaraway kernel: [    0.505405] sr 0:0:1:0: [sr0] scsi3-mmc drive: 32x/32x xa/form2 tray
Jan 25 16:41:55 rcaraway kernel: [    0.505410] cdrom: Uniform CD-ROM driver Revision: 3.20
Jan 25 16:41:55 rcaraway kernel: [    0.509915] sr 0:0:1:0: Attached scsi CD-ROM sr0
Jan 25 16:41:55 rcaraway kernel: [    0.510134] sr 0:0:1:0: Attached scsi generic sg1 type 5
Jan 25 16:41:55 rcaraway kernel: [    0.514743]  sda: sda1 sda2 sda3
Jan 25 16:41:55 rcaraway kernel: [    0.515636] sd 0:0:0:0: [sda] Attached SCSI disk
Jan 25 16:41:55 rcaraway kernel: [    0.748029] e1000 0000:00:03.0 eth0: (PCI:33MHz:32-bit) 08:00:27:cc:a5:b9
Jan 25 16:41:55 rcaraway kernel: [    0.748041] e1000 0000:00:03.0 eth0: Intel(R) PRO/1000 Network Connection
Jan 25 16:41:55 rcaraway kernel: [    0.748065] e1000e: Intel(R) PRO/1000 Network Driver
Jan 25 16:41:55 rcaraway kernel: [    0.748068] e1000e: Copyright(c) 1999 - 2015 Intel Corporation.
Jan 25 16:41:55 rcaraway kernel: [    0.748079] sky2: driver version 1.30
Jan 25 16:41:55 rcaraway kernel: [    0.748227] ehci_hcd: USB 2.0 'Enhanced' Host Controller (EHCI) Driver
Jan 25 16:41:55 rcaraway kernel: [    0.748230] ehci-pci: EHCI PCI platform driver
Jan 25 16:41:55 rcaraway kernel: [    0.748238] ohci_hcd: USB 1.1 'Open' Host Controller (OHCI) Driver
Jan 25 16:41:55 rcaraway kernel: [    0.748243] ohci-pci: OHCI PCI platform driver
Jan 25 16:41:55 rcaraway kernel: [    0.748709] ohci-pci 0000:00:06.0: OHCI PCI host controller
Jan 25 16:41:55 rcaraway kernel: [    0.748958] ohci-pci 0000:00:06.0: new USB bus registered, assigned bus number 1
Jan 25 16:41:55 rcaraway kernel: [    0.749013] ohci-pci 0000:00:06.0: irq 22, io mem 0xf0804000
Jan 25 16:41:55 rcaraway kernel: [    0.802320] usb usb1: New USB device found, idVendor=1d6b, idProduct=0001, bcdDevice= 5.13
Jan 25 16:41:55 rcaraway kernel: [    0.802328] usb usb1: New USB device strings: Mfr=3, Product=2, SerialNumber=1
Jan 25 16:41:55 rcaraway kernel: [    0.802332] usb usb1: Product: OHCI PCI host controller
Jan 25 16:41:55 rcaraway kernel: [    0.802335] usb usb1: Manufacturer: Linux 5.13.12-rcaraway ohci_hcd
Jan 25 16:41:55 rcaraway kernel: [    0.802335] usb usb1: SerialNumber: 0000:00:06.0
Jan 25 16:41:55 rcaraway kernel: [    0.802550] hub 1-0:1.0: USB hub found
Jan 25 16:41:55 rcaraway kernel: [    0.802565] hub 1-0:1.0: 12 ports detected
Jan 25 16:41:55 rcaraway kernel: [    0.803211] uhci_hcd: USB Universal Host Controller Interface driver
Jan 25 16:41:55 rcaraway kernel: [    0.803238] usbcore: registered new interface driver usblp
Jan 25 16:41:55 rcaraway kernel: [    0.803247] usbcore: registered new interface driver usb-storage
Jan 25 16:41:55 rcaraway kernel: [    0.803264] i8042: PNP: PS/2 Controller [PNP0303:PS2K,PNP0f03:PS2M] at 0x60,0x64 irq 1,12
Jan 25 16:41:55 rcaraway kernel: [    0.803692] serio: i8042 KBD port at 0x60,0x64 irq 1
Jan 25 16:41:55 rcaraway kernel: [    0.803699] serio: i8042 AUX port at 0x60,0x64 irq 12
Jan 25 16:41:55 rcaraway kernel: [    0.805102] rtc_cmos rtc_cmos: registered as rtc0
Jan 25 16:41:55 rcaraway kernel: [    0.805114] rtc_cmos rtc_cmos: alarms up to one day, 114 bytes nvram
Jan 25 16:41:55 rcaraway kernel: [    0.805179] input: AT Translated Set 2 keyboard as /devices/platform/i8042/serio0/input/input3
Jan 25 16:41:55 rcaraway kernel: [    0.806130] device-mapper: ioctl: 4.45.0-ioctl (2021-03-22) initialised: dm-devel@redhat.com
Jan 25 16:41:55 rcaraway kernel: [    0.806137] intel_pstate: CPU model not supported
Jan 25 16:41:55 rcaraway kernel: [    0.806146] hid: raw HID events driver (C) Jiri Kosina
Jan 25 16:41:55 rcaraway kernel: [    0.806231] usbcore: registered new interface driver usbhid
Jan 25 16:41:55 rcaraway kernel: [    0.806234] usbhid: USB HID core driver
Jan 25 16:41:55 rcaraway kernel: [    0.807226] Initializing XFRM netlink socket
Jan 25 16:41:55 rcaraway kernel: [    0.807365] NET: Registered protocol family 10
Jan 25 16:41:55 rcaraway kernel: [    0.807769] Segment Routing with IPv6
Jan 25 16:41:55 rcaraway kernel: [    0.808307] sit: IPv6, IPv4 and MPLS over IPv4 tunneling driver
Jan 25 16:41:55 rcaraway kernel: [    0.808539] NET: Registered protocol family 17
Jan 25 16:41:55 rcaraway kernel: [    0.808556] Key type dns_resolver registered
Jan 25 16:41:55 rcaraway kernel: [    0.808971] IPI shorthand broadcast: enabled
Jan 25 16:41:55 rcaraway kernel: [    0.808981] sched_clock: Marking stable (816939432, -7989777)->(820792344, -11842689)
Jan 25 16:41:55 rcaraway kernel: [    0.809273] registered taskstats version 1
Jan 25 16:41:55 rcaraway kernel: [    0.809277] Loading compiled-in X.509 certificates
Jan 25 16:41:55 rcaraway kernel: [    0.809565] PM:   Magic number: 6:359:686
Jan 25 16:41:55 rcaraway kernel: [    0.809598] printk: console [netcon0] enabled
Jan 25 16:41:55 rcaraway kernel: [    0.809602] netconsole: network logging started
Jan 25 16:41:55 rcaraway kernel: [    0.809912] cfg80211: Loading compiled-in X.509 certificates for regulatory database
Jan 25 16:41:55 rcaraway kernel: [    0.810228] kworker/u8:2 (83) used greatest stack depth: 14816 bytes left
Jan 25 16:41:55 rcaraway kernel: [    0.811673] cfg80211: Loaded X.509 cert 'sforshee: 00b28ddf47aef9cea7'
Jan 25 16:41:55 rcaraway kernel: [    0.811763] platform regulatory.0: Direct firmware load for regulatory.db failed with error -2
Jan 25 16:41:55 rcaraway kernel: [    0.811768] cfg80211: failed to load regulatory.db
Jan 25 16:41:55 rcaraway kernel: [    0.811912] ALSA device list:
Jan 25 16:41:55 rcaraway kernel: [    0.811919]   No soundcards found.
Jan 25 16:41:55 rcaraway kernel: [    1.011207] input: ImExPS/2 Generic Explorer Mouse as /devices/platform/i8042/serio1/input/input5
Jan 25 16:41:55 rcaraway kernel: [    1.011637] md: Waiting for all devices to be available before autodetect
Jan 25 16:41:55 rcaraway kernel: [    1.011642] md: If you don't use raid, use raid=noautodetect
Jan 25 16:41:55 rcaraway kernel: [    1.011919] md: Autodetecting RAID arrays.
Jan 25 16:41:55 rcaraway kernel: [    1.011923] md: autorun ...
Jan 25 16:41:55 rcaraway kernel: [    1.011926] md: ... autorun DONE.
Jan 25 16:41:55 rcaraway kernel: [    1.016737] EXT4-fs (sda3): mounted filesystem with ordered data mode. Opts: (null). Quota mode: none.
Jan 25 16:41:55 rcaraway kernel: [    1.016755] VFS: Mounted root (ext4 filesystem) readonly on device 8:3.
Jan 25 16:41:55 rcaraway kernel: [    1.017598] devtmpfs: mounted
Jan 25 16:41:55 rcaraway kernel: [    1.018011] Freeing unused kernel image (initmem) memory: 1368K
Jan 25 16:41:55 rcaraway kernel: [    1.020087] Write protecting the kernel read-only data: 20480k
Jan 25 16:41:55 rcaraway kernel: [    1.020935] Freeing unused kernel image (text/rodata gap) memory: 2032K
Jan 25 16:41:55 rcaraway kernel: [    1.021465] Freeing unused kernel image (rodata/data gap) memory: 584K
Jan 25 16:41:55 rcaraway kernel: [    1.021553] Run /sbin/init as init process
Jan 25 16:41:55 rcaraway kernel: [    1.021557]   with arguments:
Jan 25 16:41:55 rcaraway kernel: [    1.021559]     /sbin/init
Jan 25 16:41:55 rcaraway kernel: [    1.021560]   with environment:
Jan 25 16:41:55 rcaraway kernel: [    1.021561]     HOME=/
Jan 25 16:41:55 rcaraway kernel: [    1.021578]     TERM=linux
Jan 25 16:41:55 rcaraway kernel: [    1.021579]     BOOT_IMAGE=(hd0,1)/vmlinuz-5.13.12-rcaraway.0
Jan 25 16:41:55 rcaraway kernel: [    1.042480] random: fast init done
Jan 25 16:41:55 rcaraway kernel: [    1.103361] usb 1-1: new full-speed USB device number 2 using ohci-pci
Jan 25 16:41:55 rcaraway kernel: [    1.303160] tsc: Refined TSC clocksource calibration: 3408.000 MHz
Jan 25 16:41:55 rcaraway kernel: [    1.303184] clocksource: tsc: mask: 0xffffffffffffffff max_cycles: 0x311fd3cd494, max_idle_ns: 440795223879 ns
Jan 25 16:41:55 rcaraway kernel: [    1.323624] clocksource: Switched to clocksource tsc
Jan 25 16:41:55 rcaraway kernel: [    1.343977] usb 1-1: New USB device found, idVendor=80ee, idProduct=0021, bcdDevice= 1.00
Jan 25 16:41:55 rcaraway kernel: [    1.343990] usb 1-1: New USB device strings: Mfr=1, Product=3, SerialNumber=0
Jan 25 16:41:55 rcaraway kernel: [    1.343994] usb 1-1: Product: USB Tablet
Jan 25 16:41:55 rcaraway kernel: [    1.343997] usb 1-1: Manufacturer: VirtualBox
Jan 25 16:41:55 rcaraway kernel: [    1.358015] input: VirtualBox USB Tablet as /devices/pci0000:00/0000:00:06.0/usb1/1-1/1-1:1.0/0003:80EE:0021.0001/input/input6
Jan 25 16:41:55 rcaraway kernel: [    1.358527] hid-generic 0003:80EE:0021.0001: input,hidraw0: USB HID v1.10 Mouse [VirtualBox USB Tablet] on usb-0000:00:06.0-1/input0
Jan 25 16:41:55 rcaraway kernel: [    1.411012] stty (94) used greatest stack depth: 13864 bytes left
Jan 25 16:41:55 rcaraway kernel: [    1.488003] rc (96) used greatest stack depth: 13816 bytes left
Jan 25 16:41:55 rcaraway kernel: [    1.564308] mount (101) used greatest stack depth: 13664 bytes left
Jan 25 16:41:55 rcaraway kernel: [    1.672963] mountpoint (119) used greatest stack depth: 13608 bytes left
Jan 25 16:41:55 rcaraway kernel: [    1.771087] random: crng init done
Jan 25 16:41:55 rcaraway kernel: [    1.803665] ip (146) used greatest stack depth: 12360 bytes left
Jan 25 16:41:55 rcaraway kernel: <30>[    1.887183] udevd[171]: starting version 3.2.10
Jan 25 16:41:55 rcaraway kernel: <30>[    2.003404] udevd[172]: starting eudev-3.2.10
Jan 25 16:41:55 rcaraway kernel: [    2.170959] e1000 0000:00:03.0 enp0s3: renamed from eth0
Jan 25 16:41:55 rcaraway kernel: [    4.117185] Adding 2097148k swap on /dev/sda2.  Priority:1 extents:1 across:2097148k 
Jan 25 16:41:55 rcaraway kernel: [    4.132020] EXT4-fs (sda3): re-mounted. Opts: (null). Quota mode: none.
Jan 25 16:41:55 rcaraway kernel: [    4.224156] EXT4-fs (sda3): re-mounted. Opts: (null). Quota mode: none.
Jan 25 16:41:56 rcaraway kernel: [    7.045198] hrtimer: interrupt took 4509987 ns
Jan 25 16:44:58 rcaraway kernel: [  189.013735] clocksource: timekeeping watchdog on CPU1: acpi_pm retried 2 times before success
Jan 26 14:01:36 rcaraway kernel: klogd 1.5.1, log source = /proc/kmsg started.
Jan 26 14:01:36 rcaraway kernel: Inspecting /boot/System.map-5.13.12
Jan 26 14:01:36 rcaraway kernel: Cannot find map file.
Jan 26 14:01:36 rcaraway kernel: Loaded 55683 symbols from 1 module.
Jan 26 14:01:36 rcaraway kernel: [    0.000000] Linux version 5.13.12 (root@manjaro) (gcc (GCC) 11.2.0, GNU ld (GNU Binutils) 2.37) #1 SMP Wed Jan 26 13:33:08 MSK 2022
Jan 26 14:01:36 rcaraway kernel: [    0.000000] Command line: BOOT_IMAGE=/vmlinuz-5.13.12-rcaraway root=/dev/sda3 rw
Jan 26 14:01:36 rcaraway kernel: [    0.000000] x86/fpu: Supporting XSAVE feature 0x001: 'x87 floating point registers'
Jan 26 14:01:36 rcaraway kernel: [    0.000000] x86/fpu: Supporting XSAVE feature 0x002: 'SSE registers'
Jan 26 14:01:36 rcaraway kernel: [    0.000000] x86/fpu: Supporting XSAVE feature 0x004: 'AVX registers'
Jan 26 14:01:36 rcaraway kernel: [    0.000000] x86/fpu: xstate_offset[2]:  576, xstate_sizes[2]:  256
Jan 26 14:01:36 rcaraway kernel: [    0.000000] x86/fpu: Enabled xstate features 0x7, context size is 832 bytes, using 'standard' format.
Jan 26 14:01:36 rcaraway kernel: [    0.000000] BIOS-provided physical RAM map:
Jan 26 14:01:36 rcaraway kernel: [    0.000000] BIOS-e820: [mem 0x0000000000000000-0x000000000009fbff] usable
Jan 26 14:01:36 rcaraway kernel: [    0.000000] BIOS-e820: [mem 0x000000000009fc00-0x000000000009ffff] reserved
Jan 26 14:01:36 rcaraway kernel: [    0.000000] BIOS-e820: [mem 0x00000000000f0000-0x00000000000fffff] reserved
Jan 26 14:01:36 rcaraway kernel: [    0.000000] BIOS-e820: [mem 0x0000000000100000-0x00000000dffeffff] usable
Jan 26 14:01:36 rcaraway kernel: [    0.000000] BIOS-e820: [mem 0x00000000dfff0000-0x00000000dfffffff] ACPI data
Jan 26 14:01:36 rcaraway kernel: [    0.000000] BIOS-e820: [mem 0x00000000fec00000-0x00000000fec00fff] reserved
Jan 26 14:01:36 rcaraway kernel: [    0.000000] BIOS-e820: [mem 0x00000000fee00000-0x00000000fee00fff] reserved
Jan 26 14:01:36 rcaraway kernel: [    0.000000] BIOS-e820: [mem 0x00000000fffc0000-0x00000000ffffffff] reserved
Jan 26 14:01:36 rcaraway kernel: [    0.000000] BIOS-e820: [mem 0x0000000100000000-0x000000011fffffff] usable
Jan 26 14:01:36 rcaraway kernel: [    0.000000] NX (Execute Disable) protection: active
Jan 26 14:01:36 rcaraway kernel: [    0.000000] SMBIOS 2.5 present.
Jan 26 14:01:36 rcaraway kernel: [    0.000000] DMI: innotek GmbH VirtualBox/VirtualBox, BIOS VirtualBox 12/01/2006
Jan 26 14:01:36 rcaraway kernel: [    0.000000] tsc: Fast TSC calibration using PIT
Jan 26 14:01:36 rcaraway kernel: [    0.000000] tsc: Detected 3407.911 MHz processor
Jan 26 14:01:36 rcaraway kernel: [    0.001063] e820: update [mem 0x00000000-0x00000fff] usable ==> reserved
Jan 26 14:01:36 rcaraway kernel: [    0.001071] e820: remove [mem 0x000a0000-0x000fffff] usable
Jan 26 14:01:36 rcaraway kernel: [    0.001078] last_pfn = 0x120000 max_arch_pfn = 0x400000000
Jan 26 14:01:36 rcaraway kernel: [    0.001086] Disabled
Jan 26 14:01:36 rcaraway kernel: [    0.001088] x86/PAT: MTRRs disabled, skipping PAT initialization too.
Jan 26 14:01:36 rcaraway kernel: [    0.001091] CPU MTRRs all blank - virtualized system.
Jan 26 14:01:36 rcaraway kernel: [    0.001094] x86/PAT: Configuration [0-7]: WB  WT  UC- UC  WB  WT  UC- UC  
Jan 26 14:01:36 rcaraway kernel: [    0.001099] last_pfn = 0xdfff0 max_arch_pfn = 0x400000000
Jan 26 14:01:36 rcaraway kernel: [    0.001142] found SMP MP-table at [mem 0x0009fff0-0x0009ffff]
Jan 26 14:01:36 rcaraway kernel: [    0.002402] ACPI: Early table checksum verification disabled
Jan 26 14:01:36 rcaraway kernel: [    0.002408] ACPI: RSDP 0x00000000000E0000 000024 (v02 VBOX  )
Jan 26 14:01:36 rcaraway kernel: [    0.002415] ACPI: XSDT 0x00000000DFFF0030 00003C (v01 VBOX   VBOXXSDT 00000001 ASL  00000061)
Jan 26 14:01:36 rcaraway kernel: [    0.002423] ACPI: FACP 0x00000000DFFF00F0 0000F4 (v04 VBOX   VBOXFACP 00000001 ASL  00000061)
Jan 26 14:01:36 rcaraway kernel: [    0.002430] ACPI: DSDT 0x00000000DFFF0480 002325 (v02 VBOX   VBOXBIOS 00000002 INTL 20120111)
Jan 26 14:01:36 rcaraway kernel: [    0.002436] ACPI: FACS 0x00000000DFFF0200 000040
Jan 26 14:01:36 rcaraway kernel: [    0.002441] ACPI: FACS 0x00000000DFFF0200 000040
Jan 26 14:01:36 rcaraway kernel: [    0.002447] ACPI: APIC 0x00000000DFFF0240 00006C (v02 VBOX   VBOXAPIC 00000001 ASL  00000061)
Jan 26 14:01:36 rcaraway kernel: [    0.002452] ACPI: SSDT 0x00000000DFFF02B0 0001CC (v01 VBOX   VBOXCPUT 00000002 INTL 20120111)
Jan 26 14:01:36 rcaraway kernel: [    0.002457] ACPI: Reserving FACP table memory at [mem 0xdfff00f0-0xdfff01e3]
Jan 26 14:01:36 rcaraway kernel: [    0.002460] ACPI: Reserving DSDT table memory at [mem 0xdfff0480-0xdfff27a4]
Jan 26 14:01:36 rcaraway kernel: [    0.002462] ACPI: Reserving FACS table memory at [mem 0xdfff0200-0xdfff023f]
Jan 26 14:01:36 rcaraway kernel: [    0.002464] ACPI: Reserving FACS table memory at [mem 0xdfff0200-0xdfff023f]
Jan 26 14:01:36 rcaraway kernel: [    0.002465] ACPI: Reserving APIC table memory at [mem 0xdfff0240-0xdfff02ab]
Jan 26 14:01:36 rcaraway kernel: [    0.002467] ACPI: Reserving SSDT table memory at [mem 0xdfff02b0-0xdfff047b]
Jan 26 14:01:36 rcaraway kernel: [    0.002478] ACPI: Local APIC address 0xfee00000
Jan 26 14:01:36 rcaraway kernel: [    0.002703] No NUMA configuration found
Jan 26 14:01:36 rcaraway kernel: [    0.002706] Faking a node at [mem 0x0000000000000000-0x000000011fffffff]
Jan 26 14:01:36 rcaraway kernel: [    0.002722] NODE_DATA(0) allocated [mem 0x11fff8000-0x11fffbfff]
Jan 26 14:01:36 rcaraway kernel: [    0.002734] Zone ranges:
Jan 26 14:01:36 rcaraway kernel: [    0.002736]   DMA      [mem 0x0000000000001000-0x0000000000ffffff]
Jan 26 14:01:36 rcaraway kernel: [    0.002740]   DMA32    [mem 0x0000000001000000-0x00000000ffffffff]
Jan 26 14:01:36 rcaraway kernel: [    0.002743]   Normal   [mem 0x0000000100000000-0x000000011fffffff]
Jan 26 14:01:36 rcaraway kernel: [    0.002746] Movable zone start for each node
Jan 26 14:01:36 rcaraway kernel: [    0.002748] Early memory node ranges
Jan 26 14:01:36 rcaraway kernel: [    0.002749]   node   0: [mem 0x0000000000001000-0x000000000009efff]
Jan 26 14:01:36 rcaraway kernel: [    0.002752]   node   0: [mem 0x0000000000100000-0x00000000dffeffff]
Jan 26 14:01:36 rcaraway kernel: [    0.002754]   node   0: [mem 0x0000000100000000-0x000000011fffffff]
Jan 26 14:01:36 rcaraway kernel: [    0.002756] Initmem setup node 0 [mem 0x0000000000001000-0x000000011fffffff]
Jan 26 14:01:36 rcaraway kernel: [    0.002758] On node 0 totalpages: 1048462
Jan 26 14:01:36 rcaraway kernel: [    0.002761]   DMA zone: 64 pages used for memmap
Jan 26 14:01:36 rcaraway kernel: [    0.002762]   DMA zone: 158 pages reserved
Jan 26 14:01:36 rcaraway kernel: [    0.002764]   DMA zone: 3998 pages, LIFO batch:0
Jan 26 14:01:36 rcaraway kernel: [    0.002765]   DMA32 zone: 14272 pages used for memmap
Jan 26 14:01:36 rcaraway kernel: [    0.002767]   DMA32 zone: 913392 pages, LIFO batch:63
Jan 26 14:01:36 rcaraway kernel: [    0.002769]   Normal zone: 2048 pages used for memmap
Jan 26 14:01:36 rcaraway kernel: [    0.002770]   Normal zone: 131072 pages, LIFO batch:31
Jan 26 14:01:36 rcaraway kernel: [    0.003661] On node 0, zone DMA: 1 pages in unavailable ranges
Jan 26 14:01:36 rcaraway kernel: [    0.003680] On node 0, zone DMA: 97 pages in unavailable ranges
Jan 26 14:01:36 rcaraway kernel: [    0.039879] On node 0, zone Normal: 16 pages in unavailable ranges
Jan 26 14:01:36 rcaraway kernel: [    0.040405] ACPI: PM-Timer IO Port: 0x4008
Jan 26 14:01:36 rcaraway kernel: [    0.040410] ACPI: Local APIC address 0xfee00000
Jan 26 14:01:36 rcaraway kernel: [    0.040456] IOAPIC[0]: apic_id 4, version 32, address 0xfec00000, GSI 0-23
Jan 26 14:01:36 rcaraway kernel: [    0.040461] ACPI: INT_SRC_OVR (bus 0 bus_irq 0 global_irq 2 dfl dfl)
Jan 26 14:01:36 rcaraway kernel: [    0.040464] ACPI: INT_SRC_OVR (bus 0 bus_irq 9 global_irq 9 low level)
Jan 26 14:01:36 rcaraway kernel: [    0.040467] ACPI: IRQ0 used by override.
Jan 26 14:01:36 rcaraway kernel: [    0.040469] ACPI: IRQ9 used by override.
Jan 26 14:01:36 rcaraway kernel: [    0.040472] Using ACPI (MADT) for SMP configuration information
Jan 26 14:01:36 rcaraway kernel: [    0.040478] smpboot: Allowing 4 CPUs, 0 hotplug CPUs
Jan 26 14:01:36 rcaraway kernel: [    0.040488] PM: hibernation: Registered nosave memory: [mem 0x00000000-0x00000fff]
Jan 26 14:01:36 rcaraway kernel: [    0.040491] PM: hibernation: Registered nosave memory: [mem 0x0009f000-0x0009ffff]
Jan 26 14:01:36 rcaraway kernel: [    0.040493] PM: hibernation: Registered nosave memory: [mem 0x000a0000-0x000effff]
Jan 26 14:01:36 rcaraway kernel: [    0.040495] PM: hibernation: Registered nosave memory: [mem 0x000f0000-0x000fffff]
Jan 26 14:01:36 rcaraway kernel: [    0.040497] PM: hibernation: Registered nosave memory: [mem 0xdfff0000-0xdfffffff]
Jan 26 14:01:36 rcaraway kernel: [    0.040498] PM: hibernation: Registered nosave memory: [mem 0xe0000000-0xfebfffff]
Jan 26 14:01:36 rcaraway kernel: [    0.040500] PM: hibernation: Registered nosave memory: [mem 0xfec00000-0xfec00fff]
Jan 26 14:01:36 rcaraway kernel: [    0.040502] PM: hibernation: Registered nosave memory: [mem 0xfec01000-0xfedfffff]
Jan 26 14:01:36 rcaraway kernel: [    0.040504] PM: hibernation: Registered nosave memory: [mem 0xfee00000-0xfee00fff]
Jan 26 14:01:36 rcaraway kernel: [    0.040505] PM: hibernation: Registered nosave memory: [mem 0xfee01000-0xfffbffff]
Jan 26 14:01:36 rcaraway kernel: [    0.040507] PM: hibernation: Registered nosave memory: [mem 0xfffc0000-0xffffffff]
Jan 26 14:01:36 rcaraway kernel: [    0.040509] [mem 0xe0000000-0xfebfffff] available for PCI devices
Jan 26 14:01:36 rcaraway kernel: [    0.040513] clocksource: refined-jiffies: mask: 0xffffffff max_cycles: 0xffffffff, max_idle_ns: 1910969940391419 ns
Jan 26 14:01:36 rcaraway kernel: [    0.044836] setup_percpu: NR_CPUS:64 nr_cpumask_bits:64 nr_cpu_ids:4 nr_node_ids:1
Jan 26 14:01:36 rcaraway kernel: [    0.045929] percpu: Embedded 52 pages/cpu s174104 r8192 d30696 u524288
Jan 26 14:01:36 rcaraway kernel: [    0.045936] pcpu-alloc: s174104 r8192 d30696 u524288 alloc=1*2097152
Jan 26 14:01:36 rcaraway kernel: [    0.045941] pcpu-alloc: [0] 0 1 2 3 
Jan 26 14:01:36 rcaraway kernel: [    0.045960] Built 1 zonelists, mobility grouping on.  Total pages: 1031920
Jan 26 14:01:36 rcaraway kernel: [    0.045963] Policy zone: Normal
Jan 26 14:01:36 rcaraway kernel: [    0.045966] Kernel command line: BOOT_IMAGE=/vmlinuz-5.13.12-rcaraway root=/dev/sda3 rw
Jan 26 14:01:36 rcaraway kernel: [    0.048004] Dentry cache hash table entries: 524288 (order: 10, 4194304 bytes, linear)
Jan 26 14:01:36 rcaraway kernel: [    0.048974] Inode-cache hash table entries: 262144 (order: 9, 2097152 bytes, linear)
Jan 26 14:01:36 rcaraway kernel: [    0.049038] mem auto-init: stack:off, heap alloc:off, heap free:off
Jan 26 14:01:36 rcaraway kernel: [    0.084545] Memory: 4023268K/4193848K available (14349K kernel code, 2559K rwdata, 3512K rodata, 1368K init, 1560K bss, 170320K reserved, 0K cma-reserved)
Jan 26 14:01:36 rcaraway kernel: [    0.084579] SLUB: HWalign=64, Order=0-3, MinObjects=0, CPUs=4, Nodes=1
Jan 26 14:01:36 rcaraway kernel: [    0.084590] Kernel/User page tables isolation: enabled
Jan 26 14:01:36 rcaraway kernel: [    0.085709] rcu: Hierarchical RCU implementation.
Jan 26 14:01:36 rcaraway kernel: [    0.085711] rcu: ^IRCU event tracing is enabled.
Jan 26 14:01:36 rcaraway kernel: [    0.085713] rcu: ^IRCU restricting CPUs from NR_CPUS=64 to nr_cpu_ids=4.
Jan 26 14:01:36 rcaraway kernel: [    0.085716] rcu: RCU calculated value of scheduler-enlistment delay is 100 jiffies.
Jan 26 14:01:36 rcaraway kernel: [    0.085718] rcu: Adjusting geometry for rcu_fanout_leaf=16, nr_cpu_ids=4
Jan 26 14:01:36 rcaraway kernel: [    0.086452] NR_IRQS: 4352, nr_irqs: 456, preallocated irqs: 16
Jan 26 14:01:36 rcaraway kernel: [    0.086771] random: get_random_bytes called from start_kernel+0x373/0x53e with crng_init=0
Jan 26 14:01:36 rcaraway kernel: [    0.090843] Console: colour VGA+ 80x25
Jan 26 14:01:36 rcaraway kernel: [    0.110886] printk: console [tty0] enabled
Jan 26 14:01:36 rcaraway kernel: [    0.111046] ACPI: Core revision 20210331
Jan 26 14:01:36 rcaraway kernel: [    0.111357] APIC: Switch to symmetric I/O mode setup
Jan 26 14:01:36 rcaraway kernel: [    0.112241] ..TIMER: vector=0x30 apic1=0 pin1=2 apic2=-1 pin2=-1
Jan 26 14:01:36 rcaraway kernel: [    0.117319] clocksource: tsc-early: mask: 0xffffffffffffffff max_cycles: 0x311f7f8de19, max_idle_ns: 440795258319 ns
Jan 26 14:01:36 rcaraway kernel: [    0.117640] Calibrating delay loop (skipped), value calculated using timer frequency.. 6815.82 BogoMIPS (lpj=3407911)
Jan 26 14:01:36 rcaraway kernel: [    0.117958] pid_max: default: 32768 minimum: 301
Jan 26 14:01:36 rcaraway kernel: [    0.118127] LSM: Security Framework initializing
Jan 26 14:01:36 rcaraway kernel: [    0.118302] SELinux:  Initializing.
Jan 26 14:01:36 rcaraway kernel: [    0.118795] Mount-cache hash table entries: 8192 (order: 4, 65536 bytes, linear)
Jan 26 14:01:36 rcaraway kernel: [    0.119082] Mountpoint-cache hash table entries: 8192 (order: 4, 65536 bytes, linear)
Jan 26 14:01:36 rcaraway kernel: [    0.119555] Last level iTLB entries: 4KB 128, 2MB 8, 4MB 8
Jan 26 14:01:36 rcaraway kernel: [    0.119619] Last level dTLB entries: 4KB 64, 2MB 0, 4MB 0, 1GB 4
Jan 26 14:01:36 rcaraway kernel: [    0.119829] Spectre V1 : Mitigation: usercopy/swapgs barriers and __user pointer sanitization
Jan 26 14:01:36 rcaraway kernel: [    0.119837] Spectre V2 : Mitigation: Full generic retpoline
Jan 26 14:01:36 rcaraway kernel: [    0.120818] Spectre V2 : Spectre v2 / SpectreRSB mitigation: Filling RSB on context switch
Jan 26 14:01:36 rcaraway kernel: [    0.121127] Speculative Store Bypass: Vulnerable
Jan 26 14:01:36 rcaraway kernel: [    0.121315] SRBDS: Unknown: Dependent on hypervisor status
Jan 26 14:01:36 rcaraway kernel: [    0.121491] MDS: Mitigation: Clear CPU buffers
Jan 26 14:01:36 rcaraway kernel: [    0.122620] Freeing SMP alternatives memory: 40K
Jan 26 14:01:36 rcaraway kernel: [    0.225011] smpboot: CPU0: Intel(R) Core(TM) i5-7500 CPU @ 3.40GHz (family: 0x6, model: 0x9e, stepping: 0x9)
Jan 26 14:01:36 rcaraway kernel: [    0.225553] Performance Events: unsupported p6 CPU model 158 no PMU driver, software events only.
Jan 26 14:01:36 rcaraway kernel: [    0.225637] rcu: Hierarchical SRCU implementation.
Jan 26 14:01:36 rcaraway kernel: [    0.225893] smp: Bringing up secondary CPUs ...
Jan 26 14:01:36 rcaraway kernel: [    0.226164] x86: Booting SMP configuration:
Jan 26 14:01:36 rcaraway kernel: [    0.226321] .... node  #0, CPUs:      #1 #2 #3
Jan 26 14:01:36 rcaraway kernel: [    0.231847] smp: Brought up 1 node, 4 CPUs
Jan 26 14:01:36 rcaraway kernel: [    0.232797] smpboot: Max logical packages: 1
Jan 26 14:01:36 rcaraway kernel: [    0.232955] smpboot: Total of 4 processors activated (27263.28 BogoMIPS)
Jan 26 14:01:36 rcaraway kernel: [    0.233691] devtmpfs: initialized
Jan 26 14:01:36 rcaraway kernel: [    0.233929] clocksource: jiffies: mask: 0xffffffff max_cycles: 0xffffffff, max_idle_ns: 1911260446275000 ns
Jan 26 14:01:36 rcaraway kernel: [    0.234643] futex hash table entries: 1024 (order: 4, 65536 bytes, linear)
Jan 26 14:01:36 rcaraway kernel: [    0.235043] PM: RTC time: 11:01:26, date: 2022-01-26
Jan 26 14:01:36 rcaraway kernel: [    0.235753] NET: Registered protocol family 16
Jan 26 14:01:36 rcaraway kernel: [    0.235977] audit: initializing netlink subsys (disabled)
Jan 26 14:01:36 rcaraway kernel: [    0.236154] audit: type=2000 audit(1643194886.124:1): state=initialized audit_enabled=0 res=1
Jan 26 14:01:36 rcaraway kernel: [    0.236154] thermal_sys: Registered thermal governor 'step_wise'
Jan 26 14:01:36 rcaraway kernel: [    0.236644] thermal_sys: Registered thermal governor 'user_space'
Jan 26 14:01:36 rcaraway kernel: [    0.236978] cpuidle: using governor menu
Jan 26 14:01:36 rcaraway kernel: [    0.237720] ACPI: bus type PCI registered
Jan 26 14:01:36 rcaraway kernel: [    0.237978] PCI: Using configuration type 1 for base access
Jan 26 14:01:36 rcaraway kernel: [    0.239926] Kprobes globally optimized
Jan 26 14:01:36 rcaraway kernel: [    0.240670] HugeTLB registered 2.00 MiB page size, pre-allocated 0 pages
Jan 26 14:01:36 rcaraway kernel: [    0.240947] cryptomgr_test (36) used greatest stack depth: 15168 bytes left
Jan 26 14:01:36 rcaraway kernel: [    0.245702] ACPI: Added _OSI(Module Device)
Jan 26 14:01:36 rcaraway kernel: [    0.245860] ACPI: Added _OSI(Processor Device)
Jan 26 14:01:36 rcaraway kernel: [    0.246641] ACPI: Added _OSI(3.0 _SCP Extensions)
Jan 26 14:01:36 rcaraway kernel: [    0.246813] ACPI: Added _OSI(Processor Aggregator Device)
